<html>
<body>
<pre>
<h1>µVision Build Log</h1>
<h2>Tool Versions:</h2>
IDE-Version: µVision V5.16a
Copyright (C) 2015 ARM Ltd and ARM Germany GmbH. All rights reserved.
License Information: Vergil Cola, Student, LIC=P6FPC-78ZLM-JL6CC-7MJ1X-W0ZQR-PSNXS
 
Tool Versions:
Toolchain:       MDK-ARM Professional  Version: 5.16a
Toolchain Path:  C:\Keil5\ARM\ARMCC\Bin
C Compiler:      Armcc.exe V5.06 (build 20)
Assembler:       Armasm.exe V5.06 (build 20)
Linker/Locator:  ArmLink.exe V5.06 (build 20)
Library Manager: ArmAr.exe V5.06 (build 20)
Hex Converter:   FromElf.exe V5.06 (build 20)
CPU DLL:         SARMCM3.DLL V5.16a
Dialog DLL:      DCM.DLL V1.13.2.0
Target DLL:      STLink\ST-LINKIII-KEIL_SWO.dll V2.0.17.0
Dialog DLL:      TCM.DLL V1.14.5.0
 
<h2>Project:</h2>
C:\Users\Vergil\Documents\Projects\EmbestBB\EmbestBoard\MDK-ARM\EmbestBoard.uvprojx
Project File Date:  01/27/2016

<h2>Output:</h2>
*** Using Compiler 'V5.06 (build 20)', folder: 'C:\Keil5\ARM\ARMCC\Bin'
Build target 'EmbestBoard Configuration'
compiling stm32f4xx_hal_msp.c...
compiling spi.c...
compiling usart.c...
compiling fsmc.c...
compiling stm32f4xx_it.c...
compiling main.c...
compiling sdio.c...
compiling i2c.c...
compiling dcmi.c...
compiling gpio.c...
compiling fatfs.c...
compiling dma.c...
compiling lwip.c...
compiling ethernetif.c...
compiling freertos.c...
compiling stm32f4xx_hal_flash_ramfunc.c...
compiling bsp_driver_sd.c...
compiling stm32f4xx_hal_i2c_ex.c...
compiling stm32f4xx_ll_sdmmc.c...
compiling stm32f4xx_hal_pwr.c...
compiling stm32f4xx_hal_gpio.c...
compiling stm32f4xx_hal_pwr_ex.c...
compiling stm32f4xx_hal_cortex.c...
compiling stm32f4xx_hal_dcmi.c...
compiling stm32f4xx_hal_flash.c...
compiling stm32f4xx_ll_fsmc.c...
compiling stm32f4xx_hal_dcmi_ex.c...
compiling stm32f4xx_hal_rcc_ex.c...
compiling stm32f4xx_hal_spi.c...
compiling stm32f4xx_hal_sram.c...
compiling stm32f4xx_hal_eth.c...
compiling stm32f4xx_hal_i2c.c...
compiling stm32f4xx_hal_flash_ex.c...
compiling stm32f4xx_hal_uart.c...
compiling stm32f4xx_hal.c...
compiling stm32f4xx_hal_dma.c...
compiling stm32f4xx_hal_dma_ex.c...
compiling stm32f4xx_hal_rcc.c...
compiling stm32f4xx_hal_sd.c...
assembling startup_stm32f407xx.s...
compiling system_stm32f4xx.c...
compiling msg_out.c...
compiling tcp_out.c...
compiling init.c...
compiling chpms.c...
compiling api_msg.c...
compiling autoip.c...
compiling sys.c...
compiling ipcp.c...
compiling ip_frag.c...
compiling sockets.c...
compiling sys_arch.c...
../Middlewares/Third_Party/LwIP/system/OS/sys_arch.c(399): warning:  #167-D: argument of type "signed char *" is incompatible with parameter of type "const char *const"
        result = 
TaskCreate( thread, ( signed portCHAR * ) name, stacksize, arg, prio, &CreatedTask );
../Middlewares/Third_Party/LwIP/system/OS/sys_arch.c: 1 warning, 0 errors
compiling tcp_in.c...
compiling udp.c...
compiling err.c...
compiling mib2.c...
compiling auth.c...
compiling inet_chksum.c...
compiling chap.c...
compiling api_lib.c...
compiling slipif.c...
compiling mib_structs.c...
compiling icmp.c...
compiling ppp.c...
compiling ip.c...
compiling inet.c...
compiling etharp.c...
compiling tcpip.c...
compiling def.c...
compiling netif.c...
compiling ppp_oe.c...
compiling vj.c...
compiling msg_in.c...
compiling raw.c...
compiling md5.c...
compiling randm.c...
compiling netdb.c...
compiling pap.c...
compiling stats.c...
compiling netbuf.c...
compiling fsm.c...
compiling asn1_enc.c...
compiling lcp.c...
compiling igmp.c...
compiling lwip_timers.c...
compiling pbuf.c...
compiling dns.c...
compiling ip_addr.c...
compiling asn1_dec.c...
compiling magic.c...
compiling memp.c...
compiling mem.c...
compiling tcp.c...
compiling netifapi.c...
compiling dhcp.c...
compiling sd_diskio.c...
compiling ff_gen_drv.c...
compiling diskio.c...
compiling timers.c...
compiling syscall.c...
compiling ff.c...
compiling event_groups.c...
compiling queue.c...
compiling cmsis_os.c...
compiling croutine.c...
compiling tasks.c...
compiling list.c...
compiling heap_4.c...
compiling port.c...
linking...
Program Size: Code=39144 RO-data=808 RW-data=312 ZI-data=44368  
"EmbestBoard Configuration\EmbestBoard Configuration.axf" - 0 Error(s), 1 Warning(s).

<h2>Software Packages used:</h2>

Package Vendor: ARM
                http://www.keil.com/pack/ARM.CMSIS.4.5.0.pack
                ARM::CMSIS:CORE:4.3.0
                CMSIS (Cortex Microcontroller Software Interface Standard)
   * Component: CORE Version: 4.3.0

<h2>Collection of Component include folders:</h2>
  C:\Users\Vergil\Documents\Projects\EmbestBB\EmbestBoard\MDK-ARM\RTE
  C:\Keil5\ARM\PACK\ARM\CMSIS\4.5.0\CMSIS\Include
  C:\Keil5\ARM\PACK\Keil\STM32F4xx_DFP\2.7.0\Drivers\CMSIS\Device\ST\STM32F4xx\Include

<h2>Collection of Component Files used:</h2>

   * Component: ARM::CMSIS:CORE:4.3.0
Build Time Elapsed:  00:01:50
</pre>
</body>
</html>
