Component: ARM Compiler 5.06 (build 20) Tool: armlink [4d35a3]

==============================================================================

Section Cross References

    usart.o(i.HAL_UART_MspDeInit) refers to stm32f4xx_hal_gpio.o(i.HAL_GPIO_DeInit) for HAL_GPIO_DeInit
    usart.o(i.HAL_UART_MspInit) refers to stm32f4xx_hal_gpio.o(i.HAL_GPIO_Init) for HAL_GPIO_Init
    usart.o(i.MX_USART1_UART_Init) refers to stm32f4xx_hal_uart.o(i.HAL_UART_Init) for HAL_UART_Init
    usart.o(i.MX_USART1_UART_Init) refers to usart.o(.bss) for .bss
    stm32f4xx_hal_msp.o(i.HAL_MspInit) refers to stm32f4xx_hal_cortex.o(i.HAL_NVIC_SetPriorityGrouping) for HAL_NVIC_SetPriorityGrouping
    stm32f4xx_hal_msp.o(i.HAL_MspInit) refers to stm32f4xx_hal_cortex.o(i.HAL_NVIC_SetPriority) for HAL_NVIC_SetPriority
    spi.o(i.HAL_SPI_MspDeInit) refers to stm32f4xx_hal_gpio.o(i.HAL_GPIO_DeInit) for HAL_GPIO_DeInit
    spi.o(i.HAL_SPI_MspInit) refers to stm32f4xx_hal_gpio.o(i.HAL_GPIO_Init) for HAL_GPIO_Init
    spi.o(i.MX_SPI2_Init) refers to stm32f4xx_hal_spi.o(i.HAL_SPI_Init) for HAL_SPI_Init
    spi.o(i.MX_SPI2_Init) refers to spi.o(.bss) for .bss
    main.o(i.SystemClock_Config) refers to stm32f4xx_hal_rcc.o(i.HAL_RCC_OscConfig) for HAL_RCC_OscConfig
    main.o(i.SystemClock_Config) refers to stm32f4xx_hal_rcc.o(i.HAL_RCC_ClockConfig) for HAL_RCC_ClockConfig
    main.o(i.SystemClock_Config) refers to stm32f4xx_hal_rcc.o(i.HAL_RCC_GetHCLKFreq) for HAL_RCC_GetHCLKFreq
    main.o(i.SystemClock_Config) refers to stm32f4xx_hal_cortex.o(i.HAL_SYSTICK_Config) for HAL_SYSTICK_Config
    main.o(i.SystemClock_Config) refers to stm32f4xx_hal_cortex.o(i.HAL_SYSTICK_CLKSourceConfig) for HAL_SYSTICK_CLKSourceConfig
    main.o(i.SystemClock_Config) refers to stm32f4xx_hal_cortex.o(i.HAL_NVIC_SetPriority) for HAL_NVIC_SetPriority
    main.o(i.main) refers to stm32f4xx_hal.o(i.HAL_Init) for HAL_Init
    main.o(i.main) refers to main.o(i.SystemClock_Config) for SystemClock_Config
    main.o(i.main) refers to gpio.o(i.MX_GPIO_Init) for MX_GPIO_Init
    main.o(i.main) refers to dma.o(i.MX_DMA_Init) for MX_DMA_Init
    main.o(i.main) refers to dcmi.o(i.MX_DCMI_Init) for MX_DCMI_Init
    main.o(i.main) refers to fsmc.o(i.MX_FSMC_Init) for MX_FSMC_Init
    main.o(i.main) refers to i2c.o(i.MX_I2C1_Init) for MX_I2C1_Init
    main.o(i.main) refers to sdio.o(i.MX_SDIO_SD_Init) for MX_SDIO_SD_Init
    main.o(i.main) refers to spi.o(i.MX_SPI2_Init) for MX_SPI2_Init
    main.o(i.main) refers to usart.o(i.MX_USART1_UART_Init) for MX_USART1_UART_Init
    main.o(i.main) refers to freertos.o(i.MX_FREERTOS_Init) for MX_FREERTOS_Init
    main.o(i.main) refers to cmsis_os.o(i.osKernelStart) for osKernelStart
    stm32f4xx_it.o(i.DCMI_IRQHandler) refers to stm32f4xx_hal_dcmi.o(i.HAL_DCMI_IRQHandler) for HAL_DCMI_IRQHandler
    stm32f4xx_it.o(i.DCMI_IRQHandler) refers to dcmi.o(.bss) for hdcmi
    stm32f4xx_it.o(i.DMA2_Stream1_IRQHandler) refers to stm32f4xx_hal_dma.o(i.HAL_DMA_IRQHandler) for HAL_DMA_IRQHandler
    stm32f4xx_it.o(i.DMA2_Stream1_IRQHandler) refers to dcmi.o(.bss) for hdma_dcmi
    stm32f4xx_it.o(i.ETH_IRQHandler) refers to stm32f4xx_hal_eth.o(i.HAL_ETH_IRQHandler) for HAL_ETH_IRQHandler
    stm32f4xx_it.o(i.ETH_IRQHandler) refers to ethernetif.o(.bss) for heth
    stm32f4xx_it.o(i.SysTick_Handler) refers to cmsis_os.o(i.osSystickHandler) for osSystickHandler
    fsmc.o(i.HAL_FSMC_MspInit) refers to stm32f4xx_hal_gpio.o(i.HAL_GPIO_Init) for HAL_GPIO_Init
    fsmc.o(i.HAL_FSMC_MspInit) refers to fsmc.o(.data) for .data
    fsmc.o(i.HAL_SRAM_MspDeInit) refers to stm32f4xx_hal_gpio.o(i.HAL_GPIO_DeInit) for HAL_GPIO_DeInit
    fsmc.o(i.HAL_SRAM_MspDeInit) refers to fsmc.o(.data) for .data
    fsmc.o(i.HAL_SRAM_MspInit) refers to fsmc.o(i.HAL_FSMC_MspInit) for HAL_FSMC_MspInit
    fsmc.o(i.MX_FSMC_Init) refers to stm32f4xx_hal_sram.o(i.HAL_SRAM_Init) for HAL_SRAM_Init
    fsmc.o(i.MX_FSMC_Init) refers to fsmc.o(.bss) for .bss
    sdio.o(i.HAL_SD_MspDeInit) refers to stm32f4xx_hal_gpio.o(i.HAL_GPIO_DeInit) for HAL_GPIO_DeInit
    sdio.o(i.HAL_SD_MspInit) refers to stm32f4xx_hal_gpio.o(i.HAL_GPIO_Init) for HAL_GPIO_Init
    sdio.o(i.MX_SDIO_SD_Init) refers to sdio.o(.bss) for .bss
    i2c.o(i.HAL_I2C_MspDeInit) refers to stm32f4xx_hal_gpio.o(i.HAL_GPIO_DeInit) for HAL_GPIO_DeInit
    i2c.o(i.HAL_I2C_MspInit) refers to stm32f4xx_hal_gpio.o(i.HAL_GPIO_Init) for HAL_GPIO_Init
    i2c.o(i.MX_I2C1_Init) refers to stm32f4xx_hal_i2c.o(i.HAL_I2C_Init) for HAL_I2C_Init
    i2c.o(i.MX_I2C1_Init) refers to i2c.o(.bss) for .bss
    gpio.o(i.MX_GPIO_Init) refers to stm32f4xx_hal_gpio.o(i.HAL_GPIO_Init) for HAL_GPIO_Init
    dcmi.o(i.HAL_DCMI_MspDeInit) refers to stm32f4xx_hal_gpio.o(i.HAL_GPIO_DeInit) for HAL_GPIO_DeInit
    dcmi.o(i.HAL_DCMI_MspDeInit) refers to stm32f4xx_hal_dma.o(i.HAL_DMA_DeInit) for HAL_DMA_DeInit
    dcmi.o(i.HAL_DCMI_MspDeInit) refers to stm32f4xx_hal_cortex.o(i.HAL_NVIC_DisableIRQ) for HAL_NVIC_DisableIRQ
[...]
    __cxa_finalize                            - Undefined Weak Reference
    _clock_init                               - Undefined Weak Reference
    _microlib_exit                            - Undefined Weak Reference
    __Vectors_Size                           0x00000188   Number         0  startup_stm32f407xx.o ABSOLUTE
    __Vectors                                0x08000000   Data           4  startup_stm32f407xx.o(RESET)
    __Vectors_End                            0x08000188   Data           0  startup_stm32f407xx.o(RESET)
    __main                                   0x08000189   Thumb Code     0  entry.o(.ARM.Collect$$$$00000000)
    _main_stk                                0x08000189   Thumb Code     0  entry2.o(.ARM.Collect$$$$00000001)
    _main_scatterload                        0x0800018d   Thumb Code     0  entry5.o(.ARM.Collect$$$$00000004)
    __main_after_scatterload                 0x08000191   Thumb Code     0  entry5.o(.ARM.Collect$$$$00000004)
    _main_clock                              0x08000191   Thumb Code     0  entry7b.o(.ARM.Collect$$$$00000008)
    _main_cpp_init                           0x08000191   Thumb Code     0  entry8b.o(.ARM.Collect$$$$0000000A)
    _main_init                               0x08000191   Thumb Code     0  entry9a.o(.ARM.Collect$$$$0000000B)
    __rt_final_cpp                           0x08000199   Thumb Code     0  entry10a.o(.ARM.Collect$$$$0000000D)
    __rt_final_exit                          0x08000199   Thumb Code     0  entry11a.o(.ARM.Collect$$$$0000000F)
    SVC_Handler                              0x0800019d   Thumb Code    28  port.o(.emb_text)
    __asm___6_port_c_39a90d8d__prvStartFirstTask 0x080001bd   Thumb Code    28  port.o(.emb_text)
    __asm___6_port_c_39a90d8d__prvEnableVFP  0x080001dd   Thumb Code    16  port.o(.emb_text)
    PendSV_Handler                           0x080001f1   Thumb Code    92  port.o(.emb_text)
    vPortGetIPSR                             0x08000251   Thumb Code     6  port.o(.emb_text)
    Reset_Handler                            0x08000259   Thumb Code     8  startup_stm32f407xx.o(.text)
    NMI_Handler                              0x08000261   Thumb Code     2  startup_stm32f407xx.o(.text)
    HardFault_Handler                        0x08000263   Thumb Code     2  startup_stm32f407xx.o(.text)
    MemManage_Handler                        0x08000265   Thumb Code     2  startup_stm32f407xx.o(.text)
    BusFault_Handler                         0x08000267   Thumb Code     2  startup_stm32f407xx.o(.text)
    UsageFault_Handler                       0x08000269   Thumb Code     2  startup_stm32f407xx.o(.text)
    DebugMon_Handler                         0x0800026d   Thumb Code     2  startup_stm32f407xx.o(.text)
    ADC_IRQHandler                           0x08000273   Thumb Code     0  startup_stm32f407xx.o(.text)
    CAN1_RX0_IRQHandler                      0x08000273   Thumb Code     0  startup_stm32f407xx.o(.text)
    CAN1_RX1_IRQHandler                      0x08000273   Thumb Code     0  startup_stm32f407xx.o(.text)
    CAN1_SCE_IRQHandler                      0x08000273   Thumb Code     0  startup_stm32f407xx.o(.text)
    CAN1_TX_IRQHandler                       0x08000273   Thumb Code     0  startup_stm32f407xx.o(.text)
    CAN2_RX0_IRQHandler                      0x08000273   Thumb Code     0  startup_stm32f407xx.o(.text)
    CAN2_RX1_IRQHandler                      0x08000273   Thumb Code     0  startup_stm32f407xx.o(.text)
    CAN2_SCE_IRQHandler                      0x08000273   Thumb Code     0  startup_stm32f407xx.o(.text)
    CAN2_TX_IRQHandler                       0x08000273   Thumb Code     0  startup_stm32f407xx.o(.text)
    DMA1_Stream0_IRQHandler                  0x08000273   Thumb Code     0  startup_stm32f407xx.o(.text)
    DMA1_Stream1_IRQHandler                  0x08000273   Thumb Code     0  startup_stm32f407xx.o(.text)
    DMA1_Stream2_IRQHandler                  0x08000273   Thumb Code     0  startup_stm32f407xx.o(.text)
    DMA1_Stream3_IRQHandler                  0x08000273   Thumb Code     0  startup_stm32f407xx.o(.text)
    DMA1_Stream4_IRQHandler                  0x08000273   Thumb Code     0  startup_stm32f407xx.o(.text)
    DMA1_Stream5_IRQHandler                  0x08000273   Thumb Code     0  startup_stm32f407xx.o(.text)
    DMA1_Stream6_IRQHandler                  0x08000273   Thumb Code     0  startup_stm32f407xx.o(.text)
    DMA1_Stream7_IRQHandler                  0x08000273   Thumb Code     0  startup_stm32f407xx.o(.text)
    DMA2_Stream0_IRQHandler                  0x08000273   Thumb Code     0  startup_stm32f407xx.o(.text)
    DMA2_Stream2_IRQHandler                  0x08000273   Thumb Code     0  startup_stm32f407xx.o(.text)
    DMA2_Stream3_IRQHandler                  0x08000273   Thumb Code     0  startup_stm32f407xx.o(.text)
    DMA2_Stream4_IRQHandler                  0x08000273   Thumb Code     0  startup_stm32f407xx.o(.text)
    DMA2_Stream5_IRQHandler                  0x08000273   Thumb Code     0  startup_stm32f407xx.o(.text)
    DMA2_Stream6_IRQHandler                  0x08000273   Thumb Code     0  startup_stm32f407xx.o(.text)
    DMA2_Stream7_IRQHandler                  0x08000273   Thumb Code     0  startup_stm32f407xx.o(.text)
    ETH_WKUP_IRQHandler                      0x08000273   Thumb Code     0  startup_stm32f407xx.o(.text)
    EXTI0_IRQHandler                         0x08000273   Thumb Code     0  startup_stm32f407xx.o(.text)
    EXTI15_10_IRQHandler                     0x08000273   Thumb Code     0  startup_stm32f407xx.o(.text)
    EXTI1_IRQHandler                         0x08000273   Thumb Code     0  startup_stm32f407xx.o(.text)
    EXTI2_IRQHandler                         0x08000273   Thumb Code     0  startup_stm32f407xx.o(.text)
    EXTI3_IRQHandler                         0x08000273   Thumb Code     0  startup_stm32f407xx.o(.text)
    EXTI4_IRQHandler                         0x08000273   Thumb Code     0  startup_stm32f407xx.o(.text)
    EXTI9_5_IRQHandler                       0x08000273   Thumb Code     0  startup_stm32f407xx.o(.text)
    FLASH_IRQHandler                         0x08000273   Thumb Code     0  startup_stm32f407xx.o(.text)
    FMC_IRQHandler                           0x08000273   Thumb Code     0  startup_stm32f407xx.o(.text)
    FPU_IRQHandler                           0x08000273   Thumb Code     0  startup_stm32f407xx.o(.text)
    HASH_RNG_IRQHandler                      0x08000273   Thumb Code     0  startup_stm32f407xx.o(.text)
    I2C1_ER_IRQHandler                       0x08000273   Thumb Code     0  startup_stm32f407xx.o(.text)
    I2C1_EV_IRQHandler                       0x08000273   Thumb Code     0  startup_stm32f407xx.o(.text)
    I2C2_ER_IRQHandler                       0x08000273   Thumb Code     0  startup_stm32f407xx.o(.text)
    I2C2_EV_IRQHandler                       0x08000273   Thumb Code     0  startup_stm32f407xx.o(.text)
    I2C3_ER_IRQHandler                       0x08000273   Thumb Code     0  startup_stm32f407xx.o(.text)
    I2C3_EV_IRQHandler                       0x08000273   Thumb Code     0  startup_stm32f407xx.o(.text)
    OTG_FS_IRQHandler                        0x08000273   Thumb Code     0  startup_stm32f407xx.o(.text)
    OTG_FS_WKUP_IRQHandler                   0x08000273   Thumb Code     0  startup_stm32f407xx.o(.text)
    OTG_HS_EP1_IN_IRQHandler                 0x08000273   Thumb Code     0  startup_stm32f407xx.o(.text)
    OTG_HS_EP1_OUT_IRQHandler                0x08000273   Thumb Code     0  startup_stm32f407xx.o(.text)
    OTG_HS_IRQHandler                        0x08000273   Thumb Code     0  startup_stm32f407xx.o(.text)
    OTG_HS_WKUP_IRQHandler                   0x08000273   Thumb Code     0  startup_stm32f407xx.o(.text)
    PVD_IRQHandler                           0x08000273   Thumb Code     0  startup_stm32f407xx.o(.text)
    RCC_IRQHandler                           0x08000273   Thumb Code     0  startup_stm32f407xx.o(.text)
    RTC_Alarm_IRQHandler                     0x08000273   Thumb Code     0  startup_stm32f407xx.o(.text)
    RTC_WKUP_IRQHandler                      0x08000273   Thumb Code     0  startup_stm32f407xx.o(.text)
    SDIO_IRQHandler                          0x08000273   Thumb Code     0  startup_stm32f407xx.o(.text)
    SPI1_IRQHandler                          0x08000273   Thumb Code     0  startup_stm32f407xx.o(.text)
    SPI2_IRQHandler                          0x08000273   Thumb Code     0  startup_stm32f407xx.o(.text)
    SPI3_IRQHandler                          0x08000273   Thumb Code     0  startup_stm32f407xx.o(.text)
    TAMP_STAMP_IRQHandler                    0x08000273   Thumb Code     0  startup_stm32f407xx.o(.text)
    TIM1_BRK_TIM9_IRQHandler                 0x08000273   Thumb Code     0  startup_stm32f407xx.o(.text)
    TIM1_CC_IRQHandler                       0x08000273   Thumb Code     0  startup_stm32f407xx.o(.text)
    TIM1_TRG_COM_TIM11_IRQHandler            0x08000273   Thumb Code     0  startup_stm32f407xx.o(.text)
    TIM1_UP_TIM10_IRQHandler                 0x08000273   Thumb Code     0  startup_stm32f407xx.o(.text)
    TIM2_IRQHandler                          0x08000273   Thumb Code     0  startup_stm32f407xx.o(.text)
    TIM3_IRQHandler                          0x08000273   Thumb Code     0  startup_stm32f407xx.o(.text)
    TIM4_IRQHandler                          0x08000273   Thumb Code     0  startup_stm32f407xx.o(.text)
    TIM5_IRQHandler                          0x08000273   Thumb Code     0  startup_stm32f407xx.o(.text)
    TIM6_DAC_IRQHandler                      0x08000273   Thumb Code     0  startup_stm32f407xx.o(.text)
    TIM7_IRQHandler                          0x08000273   Thumb Code     0  startup_stm32f407xx.o(.text)
    TIM8_BRK_TIM12_IRQHandler                0x08000273   Thumb Code     0  startup_stm32f407xx.o(.text)
    TIM8_CC_IRQHandler                       0x08000273   Thumb Code     0  startup_stm32f407xx.o(.text)
    TIM8_TRG_COM_TIM14_IRQHandler            0x08000273   Thumb Code     0  startup_stm32f407xx.o(.text)
    TIM8_UP_TIM13_IRQHandler                 0x08000273   Thumb Code     0  startup_stm32f407xx.o(.text)
    UART4_IRQHandler                         0x08000273   Thumb Code     0  startup_stm32f407xx.o(.text)
    UART5_IRQHandler                         0x08000273   Thumb Code     0  startup_stm32f407xx.o(.text)
    USART1_IRQHandler                        0x08000273   Thumb Code     0  startup_stm32f407xx.o(.text)
    USART2_IRQHandler                        0x08000273   Thumb Code     0  startup_stm32f407xx.o(.text)
    USART3_IRQHandler                        0x08000273   Thumb Code     0  startup_stm32f407xx.o(.text)
    USART6_IRQHandler                        0x08000273   Thumb Code     0  startup_stm32f407xx.o(.text)
    WWDG_IRQHandler                          0x08000273   Thumb Code     0  startup_stm32f407xx.o(.text)
    __aeabi_memcpy                           0x0800027d   Thumb Code    36  memcpya.o(.text)
    __aeabi_memcpy4                          0x0800027d   Thumb Code     0  memcpya.o(.text)
    __aeabi_memcpy8                          0x0800027d   Thumb Code     0  memcpya.o(.text)
    __aeabi_memset                           0x080002a1   Thumb Code    14  memseta.o(.text)
    __aeabi_memset4                          0x080002a1   Thumb Code     0  memseta.o(.text)
    __aeabi_memset8                          0x080002a1   Thumb Code     0  memseta.o(.text)
    __aeabi_memclr                           0x080002af   Thumb Code     4  memseta.o(.text)
    __aeabi_memclr4                          0x080002af   Thumb Code     0  memseta.o(.text)
    __aeabi_memclr8                          0x080002af   Thumb Code     0  memseta.o(.text)
    _memset$wrapper                          0x080002b3   Thumb Code    18  memseta.o(.text)
    memcmp                                   0x080002c5   Thumb Code    26  memcmp.o(.text)
    __scatterload                            0x080002e1   Thumb Code    28  init.o(.text)
    __scatterload_rt2                        0x080002e1   Thumb Code     0  init.o(.text)
    __decompress                             0x08000305   Thumb Code     0  __dczerorl.o(.text)
    __decompress0                            0x08000305   Thumb Code    58  __dczerorl.o(.text)
    BSP_SD_GetCardInfo                       0x08000341   Thumb Code     8  bsp_driver_sd.o(i.BSP_SD_GetCardInfo)
    BSP_SD_GetStatus                         0x0800034d   Thumb Code     6  bsp_driver_sd.o(i.BSP_SD_GetStatus)
    BSP_SD_Init                              0x08000359   Thumb Code    44  bsp_driver_sd.o(i.BSP_SD_Init)
    BSP_SD_IsDetected                        0x0800038d   Thumb Code    30  bsp_driver_sd.o(i.BSP_SD_IsDetected)
    BSP_SD_ReadBlocks                        0x080003b1   Thumb Code    26  bsp_driver_sd.o(i.BSP_SD_ReadBlocks)
    BSP_SD_WriteBlocks                       0x080003d1   Thumb Code    26  bsp_driver_sd.o(i.BSP_SD_WriteBlocks)
    DCMI_IRQHandler                          0x080003f1   Thumb Code     6  stm32f4xx_it.o(i.DCMI_IRQHandler)
    DMA2_Stream1_IRQHandler                  0x080003fd   Thumb Code     6  stm32f4xx_it.o(i.DMA2_Stream1_IRQHandler)
    ETH_IRQHandler                           0x08000461   Thumb Code     6  stm32f4xx_it.o(i.ETH_IRQHandler)
    FATFS_LinkDriver                         0x08000591   Thumb Code     6  ff_gen_drv.o(i.FATFS_LinkDriver)
    FATFS_LinkDriverEx                       0x08000599   Thumb Code    60  ff_gen_drv.o(i.FATFS_LinkDriverEx)
    FSMC_NORSRAM_Extended_Timing_Init        0x080005d9   Thumb Code    60  stm32f4xx_ll_fsmc.o(i.FSMC_NORSRAM_Extended_Timing_Init)
    FSMC_NORSRAM_Init                        0x08000619   Thumb Code    80  stm32f4xx_ll_fsmc.o(i.FSMC_NORSRAM_Init)
    FSMC_NORSRAM_Timing_Init                 0x0800066d   Thumb Code    64  stm32f4xx_ll_fsmc.o(i.FSMC_NORSRAM_Timing_Init)
    HAL_DCMI_ErrorCallback                   0x080006b1   Thumb Code     2  stm32f4xx_hal_dcmi.o(i.HAL_DCMI_ErrorCallback)
    HAL_DCMI_FrameEventCallback              0x080006b3   Thumb Code     2  stm32f4xx_hal_dcmi.o(i.HAL_DCMI_FrameEventCallback)
    HAL_DCMI_IRQHandler                      0x080006b5   Thumb Code   228  stm32f4xx_hal_dcmi.o(i.HAL_DCMI_IRQHandler)
    HAL_DCMI_Init                            0x08000799   Thumb Code   168  stm32f4xx_hal_dcmi_ex.o(i.HAL_DCMI_Init)
    HAL_DCMI_LineEventCallback               0x08000845   Thumb Code     2  stm32f4xx_hal_dcmi.o(i.HAL_DCMI_LineEventCallback)
    HAL_DCMI_MspInit                         0x08000849   Thumb Code   196  dcmi.o(i.HAL_DCMI_MspInit)
    HAL_DCMI_VsyncEventCallback              0x0800092d   Thumb Code     2  stm32f4xx_hal_dcmi.o(i.HAL_DCMI_VsyncEventCallback)
    HAL_DMA_Abort                            0x08000931   Thumb Code    84  stm32f4xx_hal_dma.o(i.HAL_DMA_Abort)
    HAL_DMA_IRQHandler                       0x08000985   Thumb Code   412  stm32f4xx_hal_dma.o(i.HAL_DMA_IRQHandler)
    HAL_DMA_Init                             0x08000b25   Thumb Code   116  stm32f4xx_hal_dma.o(i.HAL_DMA_Init)
    HAL_Delay                                0x08000b9d   Thumb Code    22  stm32f4xx_hal.o(i.HAL_Delay)
    HAL_ETH_DMARxDescListInit                0x08000bb3   Thumb Code   116  stm32f4xx_hal_eth.o(i.HAL_ETH_DMARxDescListInit)
    HAL_ETH_DMATxDescListInit                0x08000c27   Thumb Code   120  stm32f4xx_hal_eth.o(i.HAL_ETH_DMATxDescListInit)
    HAL_ETH_ErrorCallback                    0x08000c9f   Thumb Code     2  stm32f4xx_hal_eth.o(i.HAL_ETH_ErrorCallback)
    HAL_ETH_GetReceivedFrame_IT              0x08000ca1   Thumb Code   136  stm32f4xx_hal_eth.o(i.HAL_ETH_GetReceivedFrame_IT)
    HAL_ETH_IRQHandler                       0x08000d29   Thumb Code   122  stm32f4xx_hal_eth.o(i.HAL_ETH_IRQHandler)
    HAL_ETH_Init                             0x08000da5   Thumb Code   450  stm32f4xx_hal_eth.o(i.HAL_ETH_Init)
    HAL_ETH_MspInit                          0x08000f91   Thumb Code   152  ethernetif.o(i.HAL_ETH_MspInit)
    HAL_ETH_ReadPHYRegister                  0x0800103d   Thumb Code   132  stm32f4xx_hal_eth.o(i.HAL_ETH_ReadPHYRegister)
    HAL_ETH_RxCpltCallback                   0x080010c1   Thumb Code     8  ethernetif.o(i.HAL_ETH_RxCpltCallback)
    HAL_ETH_Start                            0x080010cd   Thumb Code   132  stm32f4xx_hal_eth.o(i.HAL_ETH_Start)
    HAL_ETH_TransmitFrame                    0x08001151   Thumb Code   264  stm32f4xx_hal_eth.o(i.HAL_ETH_TransmitFrame)
    HAL_ETH_TxCpltCallback                   0x08001259   Thumb Code     2  stm32f4xx_hal_eth.o(i.HAL_ETH_TxCpltCallback)
    HAL_ETH_WritePHYRegister                 0x0800125d   Thumb Code   120  stm32f4xx_hal_eth.o(i.HAL_ETH_WritePHYRegister)
    HAL_GPIO_Init                            0x08001341   Thumb Code   398  stm32f4xx_hal_gpio.o(i.HAL_GPIO_Init)
    HAL_GPIO_ReadPin                         0x08001501   Thumb Code    10  stm32f4xx_hal_gpio.o(i.HAL_GPIO_ReadPin)
    HAL_GetTick                              0x0800150d   Thumb Code     6  stm32f4xx_hal.o(i.HAL_GetTick)
    HAL_I2C_Init                             0x08001519   Thumb Code   246  stm32f4xx_hal_i2c.o(i.HAL_I2C_Init)
    HAL_I2C_MspInit                          0x08001619   Thumb Code    64  i2c.o(i.HAL_I2C_MspInit)
    HAL_Init                                 0x08001665   Thumb Code    48  stm32f4xx_hal.o(i.HAL_Init)
    HAL_InitTick                             0x08001699   Thumb Code    34  stm32f4xx_hal.o(i.HAL_InitTick)
    HAL_MspInit                              0x080016bb   Thumb Code    22  stm32f4xx_hal_msp.o(i.HAL_MspInit)
    HAL_NVIC_EnableIRQ                       0x080016d1   Thumb Code    22  stm32f4xx_hal_cortex.o(i.HAL_NVIC_EnableIRQ)
    HAL_NVIC_SetPriority                     0x080016e9   Thumb Code    60  stm32f4xx_hal_cortex.o(i.HAL_NVIC_SetPriority)
    HAL_NVIC_SetPriorityGrouping             0x08001729   Thumb Code    26  stm32f4xx_hal_cortex.o(i.HAL_NVIC_SetPriorityGrouping)
    HAL_RCC_ClockConfig                      0x0800174d   Thumb Code   514  stm32f4xx_hal_rcc.o(i.HAL_RCC_ClockConfig)
    HAL_RCC_GetHCLKFreq                      0x08001959   Thumb Code    38  stm32f4xx_hal_rcc.o(i.HAL_RCC_GetHCLKFreq)
    HAL_RCC_GetPCLK1Freq                     0x0800198d   Thumb Code    36  stm32f4xx_hal_rcc.o(i.HAL_RCC_GetPCLK1Freq)
    HAL_RCC_GetPCLK2Freq                     0x080019b9   Thumb Code    36  stm32f4xx_hal_rcc.o(i.HAL_RCC_GetPCLK2Freq)
    HAL_RCC_GetSysClockFreq                  0x080019e5   Thumb Code   104  stm32f4xx_hal_rcc.o(i.HAL_RCC_GetSysClockFreq)
    HAL_RCC_OscConfig                        0x08001a55   Thumb Code   802  stm32f4xx_hal_rcc.o(i.HAL_RCC_OscConfig)
    HAL_SD_GetStatus                         0x08001d8d   Thumb Code    78  stm32f4xx_hal_sd.o(i.HAL_SD_GetStatus)
    HAL_SD_Get_CardInfo                      0x08001ddb   Thumb Code   696  stm32f4xx_hal_sd.o(i.HAL_SD_Get_CardInfo)
    HAL_SD_Init                              0x08002093   Thumb Code   160  stm32f4xx_hal_sd.o(i.HAL_SD_Init)
    HAL_SD_MspInit                           0x08002135   Thumb Code    84  sdio.o(i.HAL_SD_MspInit)
    HAL_SD_ReadBlocks                        0x08002199   Thumb Code   380  stm32f4xx_hal_sd.o(i.HAL_SD_ReadBlocks)
    HAL_SD_StopTransfer                      0x08002315   Thumb Code    44  stm32f4xx_hal_sd.o(i.HAL_SD_StopTransfer)
    HAL_SD_WideBusOperation_Config           0x08002341   Thumb Code    94  stm32f4xx_hal_sd.o(i.HAL_SD_WideBusOperation_Config)
    HAL_SD_WriteBlocks                       0x080023a1   Thumb Code   472  stm32f4xx_hal_sd.o(i.HAL_SD_WriteBlocks)
    HAL_SPI_Init                             0x08002579   Thumb Code   132  stm32f4xx_hal_spi.o(i.HAL_SPI_Init)
    HAL_SPI_MspInit                          0x080025fd   Thumb Code    82  spi.o(i.HAL_SPI_MspInit)
    HAL_SRAM_Init                            0x08002661   Thumb Code    86  stm32f4xx_hal_sram.o(i.HAL_SRAM_Init)
    HAL_SRAM_MspInit                         0x080026b7   Thumb Code     4  fsmc.o(i.HAL_SRAM_MspInit)
    HAL_SYSTICK_CLKSourceConfig              0x080026bb   Thumb Code    24  stm32f4xx_hal_cortex.o(i.HAL_SYSTICK_CLKSourceConfig)
    HAL_SYSTICK_Config                       0x080026d3   Thumb Code    40  stm32f4xx_hal_cortex.o(i.HAL_SYSTICK_Config)
    HAL_UART_Init                            0x080026fb   Thumb Code    94  stm32f4xx_hal_uart.o(i.HAL_UART_Init)
    HAL_UART_MspInit                         0x08002759   Thumb Code    64  usart.o(i.HAL_UART_MspInit)
    MX_DCMI_Init                             0x080027a5   Thumb Code    26  dcmi.o(i.MX_DCMI_Init)
    MX_DMA_Init                              0x080027c9   Thumb Code    40  dma.o(i.MX_DMA_Init)
    MX_FATFS_Init                            0x080027f5   Thumb Code    18  fatfs.o(i.MX_FATFS_Init)
    MX_FREERTOS_Init                         0x08002811   Thumb Code    44  freertos.o(i.MX_FREERTOS_Init)
    MX_FSMC_Init                             0x08002845   Thumb Code    82  fsmc.o(i.MX_FSMC_Init)
    MX_GPIO_Init                             0x080028a1   Thumb Code   216  gpio.o(i.MX_GPIO_Init)
    MX_I2C1_Init                             0x08002991   Thumb Code    34  i2c.o(i.MX_I2C1_Init)
    MX_LWIP_Init                             0x080029c1   Thumb Code    86  lwip.o(i.MX_LWIP_Init)
    MX_SDIO_SD_Init                          0x08002a29   Thumb Code    22  sdio.o(i.MX_SDIO_SD_Init)
    MX_SPI2_Init                             0x08002a49   Thumb Code    44  spi.o(i.MX_SPI2_Init)
    MX_USART1_UART_Init                      0x08002a7d   Thumb Code    32  usart.o(i.MX_USART1_UART_Init)
    SDIO_DataConfig                          0x08002ac5   Thumb Code    36  stm32f4xx_ll_sdmmc.o(i.SDIO_DataConfig)
    SDIO_GetCommandResponse                  0x08002ae9   Thumb Code     6  stm32f4xx_ll_sdmmc.o(i.SDIO_GetCommandResponse)
    SDIO_GetPowerState                       0x08002aef   Thumb Code     8  stm32f4xx_ll_sdmmc.o(i.SDIO_GetPowerState)
    SDIO_GetResponse                         0x08002af9   Thumb Code    12  stm32f4xx_ll_sdmmc.o(i.SDIO_GetResponse)
    SDIO_Init                                0x08002b09   Thumb Code    36  stm32f4xx_ll_sdmmc.o(i.SDIO_Init)
    SDIO_PowerState_ON                       0x08002b2d   Thumb Code     8  stm32f4xx_ll_sdmmc.o(i.SDIO_PowerState_ON)
    SDIO_ReadFIFO                            0x08002b35   Thumb Code     6  stm32f4xx_ll_sdmmc.o(i.SDIO_ReadFIFO)
    SDIO_SendCommand                         0x08002b3b   Thumb Code    32  stm32f4xx_ll_sdmmc.o(i.SDIO_SendCommand)
    SDIO_WriteFIFO                           0x08002b5b   Thumb Code    10  stm32f4xx_ll_sdmmc.o(i.SDIO_WriteFIFO)
    SD_initialize                            0x080032b1   Thumb Code    26  sd_diskio.o(i.SD_initialize)
    SD_ioctl                                 0x080032d1   Thumb Code    74  sd_diskio.o(i.SD_ioctl)
    SD_read                                  0x08003321   Thumb Code    30  sd_diskio.o(i.SD_read)
    SD_status                                0x08003341   Thumb Code    26  sd_diskio.o(i.SD_status)
    SD_write                                 0x08003361   Thumb Code    30  sd_diskio.o(i.SD_write)
    StartDefaultTask                         0x0800337f   Thumb Code    16  freertos.o(i.StartDefaultTask)
    SysTick_Handler                          0x0800338f   Thumb Code     4  stm32f4xx_it.o(i.SysTick_Handler)
    SystemClock_Config                       0x08003395   Thumb Code   140  main.o(i.SystemClock_Config)
    SystemInit                               0x08003429   Thumb Code    66  system_stm32f4xx.o(i.SystemInit)
    __scatterload_copy                       0x080035f5   Thumb Code    14  handlers.o(i.__scatterload_copy)
    __scatterload_null                       0x08003603   Thumb Code     2  handlers.o(i.__scatterload_null)
    __scatterload_zeroinit                   0x08003605   Thumb Code    14  handlers.o(i.__scatterload_zeroinit)
    dhcp_arp_reply                           0x08003631   Thumb Code    30  dhcp.o(i.dhcp_arp_reply)
    dhcp_coarse_tmr                          0x08003741   Thumb Code    90  dhcp.o(i.dhcp_coarse_tmr)
    dhcp_fine_tmr                            0x08003a11   Thumb Code    46  dhcp.o(i.dhcp_fine_tmr)
    dhcp_release                             0x08003f95   Thumb Code   160  dhcp.o(i.dhcp_release)
    dhcp_renew                               0x08004039   Thumb Code   132  dhcp.o(i.dhcp_renew)
    dhcp_start                               0x080041b5   Thumb Code   154  dhcp.o(i.dhcp_start)
    dhcp_stop                                0x08004259   Thumb Code    48  dhcp.o(i.dhcp_stop)
    etharp_cleanup_netif                     0x08004419   Thumb Code    42  etharp.o(i.etharp_cleanup_netif)
    etharp_output                            0x08004549   Thumb Code   246  etharp.o(i.etharp_output)
    etharp_query                             0x08004691   Thumb Code   228  etharp.o(i.etharp_query)
    etharp_request                           0x0800481d   Thumb Code    32  etharp.o(i.etharp_request)
    etharp_tmr                               0x08004861   Thumb Code    68  etharp.o(i.etharp_tmr)
    ethernet_input                           0x08004925   Thumb Code   138  etharp.o(i.ethernet_input)
    ethernetif_init                          0x080049b5   Thumb Code    30  ethernetif.o(i.ethernetif_init)
    ethernetif_input                         0x080049dd   Thumb Code    44  ethernetif.o(i.ethernetif_input)
    icmp_dest_unreach                        0x08004a0d   Thumb Code     8  icmp.o(i.icmp_dest_unreach)
    icmp_input                               0x08004a15   Thumb Code   242  icmp.o(i.icmp_input)
    icmp_time_exceeded                       0x08004b75   Thumb Code     8  icmp.o(i.icmp_time_exceeded)
    inet_chksum                              0x08004b89   Thumb Code    12  inet_chksum.o(i.inet_chksum)
    inet_chksum_pbuf                         0x08004b95   Thumb Code    72  inet_chksum.o(i.inet_chksum_pbuf)
    ip4_addr_isbroadcast                     0x08004bdd   Thumb Code    46  ip_addr.o(i.ip4_addr_isbroadcast)
    ip_frag                                  0x08004c0d   Thumb Code   352  ip_frag.o(i.ip_frag)
    ip_input                                 0x08004d79   Thumb Code   372  ip.o(i.ip_input)
    ip_output                                0x08004ef5   Thumb Code    52  ip.o(i.ip_output)
    ip_output_if                             0x08004f29   Thumb Code   164  ip.o(i.ip_output_if)
    ip_reass                                 0x08004fd1   Thumb Code   392  ip_frag.o(i.ip_reass)
    ip_reass_tmr                             0x08005361   Thumb Code    40  ip_frag.o(i.ip_reass_tmr)
    ip_route                                 0x0800538d   Thumb Code    54  ip.o(i.ip_route)
    lwip_htonl                               0x08005679   Thumb Code     4  def.o(i.lwip_htonl)
    lwip_htons                               0x0800567d   Thumb Code     4  def.o(i.lwip_htons)
    lwip_init                                0x08005681   Thumb Code    38  init.o(i.lwip_init)
    lwip_ntohl                               0x080056a7   Thumb Code     4  def.o(i.lwip_ntohl)
    lwip_ntohs                               0x080056ab   Thumb Code     4  def.o(i.lwip_ntohs)
    lwip_socket_init                         0x080056af   Thumb Code     2  sockets.o(i.lwip_socket_init)
    main                                     0x08005709   Thumb Code    50  main.o(i.main)
    mem_free                                 0x08005749   Thumb Code    62  mem.o(i.mem_free)
    mem_init                                 0x0800578d   Thumb Code    50  mem.o(i.mem_init)
    mem_malloc                               0x080057c9   Thumb Code   206  mem.o(i.mem_malloc)
    mem_trim                                 0x0800589d   Thumb Code   214  mem.o(i.mem_trim)
    memp_free                                0x08005979   Thumb Code    18  memp.o(i.memp_free)
    memp_init                                0x08005991   Thumb Code    78  memp.o(i.memp_init)
    memp_malloc                              0x080059e9   Thumb Code    28  memp.o(i.memp_malloc)
    netif_add                                0x08005a09   Thumb Code    70  netif.o(i.netif_add)
    netif_init                               0x08005a55   Thumb Code     2  netif.o(i.netif_init)
    netif_set_addr                           0x08005a57   Thumb Code    32  netif.o(i.netif_set_addr)
    netif_set_default                        0x08005a79   Thumb Code     6  netif.o(i.netif_set_default)
    netif_set_down                           0x08005a85   Thumb Code    26  netif.o(i.netif_set_down)
    netif_set_gw                             0x08005a9f   Thumb Code     8  netif.o(i.netif_set_gw)
    netif_set_ipaddr                         0x08005aa9   Thumb Code    96  netif.o(i.netif_set_ipaddr)
    netif_set_netmask                        0x08005b11   Thumb Code     8  netif.o(i.netif_set_netmask)
    netif_set_up                             0x08005b19   Thumb Code    32  netif.o(i.netif_set_up)
    osDelay                                  0x08005b39   Thumb Code    14  cmsis_os.o(i.osDelay)
    osKernelStart                            0x08005b47   Thumb Code    10  cmsis_os.o(i.osKernelStart)
    osSemaphoreCreate                        0x08005b51   Thumb Code    46  cmsis_os.o(i.osSemaphoreCreate)
    osSemaphoreRelease                       0x08005b81   Thumb Code    74  cmsis_os.o(i.osSemaphoreRelease)
    osSemaphoreWait                          0x08005bd1   Thumb Code   100  cmsis_os.o(i.osSemaphoreWait)
    osSystickHandler                         0x08005c39   Thumb Code    20  cmsis_os.o(i.osSystickHandler)
    osThreadCreate                           0x08005c4d   Thumb Code    56  cmsis_os.o(i.osThreadCreate)
    pbuf_alloc                               0x08005c85   Thumb Code   290  pbuf.o(i.pbuf_alloc)
    pbuf_alloced_custom                      0x08005da7   Thumb Code    84  pbuf.o(i.pbuf_alloced_custom)
    pbuf_cat                                 0x08005dfb   Thumb Code    40  pbuf.o(i.pbuf_cat)
    pbuf_chain                               0x08005e23   Thumb Code    18  pbuf.o(i.pbuf_chain)
    pbuf_clen                                0x08005e35   Thumb Code    18  pbuf.o(i.pbuf_clen)
    pbuf_copy                                0x08005e47   Thumb Code   154  pbuf.o(i.pbuf_copy)
    pbuf_copy_partial                        0x08005ee1   Thumb Code   104  pbuf.o(i.pbuf_copy_partial)
    pbuf_free                                0x08005f49   Thumb Code    80  pbuf.o(i.pbuf_free)
    pbuf_header                              0x08005fc5   Thumb Code    96  pbuf.o(i.pbuf_header)
    pbuf_realloc                             0x08006051   Thumb Code    78  pbuf.o(i.pbuf_realloc)
    pbuf_ref                                 0x0800609f   Thumb Code    12  pbuf.o(i.pbuf_ref)
    pvPortMalloc                             0x08006389   Thumb Code   210  heap_4.o(i.pvPortMalloc)
    pvTaskIncrementMutexHeldCount            0x08006461   Thumb Code    18  tasks.o(i.pvTaskIncrementMutexHeldCount)
    pxPortInitialiseStack                    0x08006479   Thumb Code    36  port.o(i.pxPortInitialiseStack)
    raw_input                                0x080064a1   Thumb Code   104  raw.o(i.raw_input)
    sys_arch_mbox_fetch                      0x08006515   Thumb Code    80  sys_arch.o(i.sys_arch_mbox_fetch)
    sys_arch_sem_wait                        0x08006565   Thumb Code    66  sys_arch.o(i.sys_arch_sem_wait)
    sys_init                                 0x080065a9   Thumb Code     8  sys_arch.o(i.sys_init)
    sys_mbox_new                             0x080065b5   Thumb Code    28  sys_arch.o(i.sys_mbox_new)
    sys_mbox_post                            0x080065d1   Thumb Code    26  sys_arch.o(i.sys_mbox_post)
    sys_mbox_trypost                         0x080065eb   Thumb Code    28  sys_arch.o(i.sys_mbox_trypost)
    sys_mbox_valid                           0x08006607   Thumb Code    10  sys_arch.o(i.sys_mbox_valid)
    sys_mutex_lock                           0x08006611   Thumb Code     6  sys_arch.o(i.sys_mutex_lock)
    sys_mutex_new                            0x08006617   Thumb Code    24  sys_arch.o(i.sys_mutex_new)
    sys_mutex_unlock                         0x0800662f   Thumb Code    12  sys_arch.o(i.sys_mutex_unlock)
    sys_thread_new                           0x0800663d   Thumb Code    56  sys_arch.o(i.sys_thread_new)
    sys_timeout                              0x08006679   Thumb Code    88  lwip_timers.o(i.sys_timeout)
    sys_timeouts_init                        0x080066d5   Thumb Code    54  lwip_timers.o(i.sys_timeouts_init)
    sys_timeouts_mbox_fetch                  0x0800671d   Thumb Code    92  lwip_timers.o(i.sys_timeouts_mbox_fetch)
    sys_untimeout                            0x0800677d   Thumb Code    68  lwip_timers.o(i.sys_untimeout)
    tcp_abandon                              0x080067c5   Thumb Code   144  tcp.o(i.tcp_abandon)
    tcp_abort                                0x08006859   Thumb Code     6  tcp.o(i.tcp_abort)
    tcp_alloc                                0x08006861   Thumb Code   236  tcp.o(i.tcp_alloc)
    tcp_close                                0x08006959   Thumb Code    20  tcp.o(i.tcp_close)
    tcp_eff_send_mss                         0x08006b2b   Thumb Code    32  tcp.o(i.tcp_eff_send_mss)
    tcp_enqueue_flags                        0x08006b4b   Thumb Code   166  tcp_out.o(i.tcp_enqueue_flags)
    tcp_fasttmr                              0x08006bf1   Thumb Code    90  tcp.o(i.tcp_fasttmr)
    tcp_init                                 0x08006c51   Thumb Code     2  tcp.o(i.tcp_init)
    tcp_input                                0x08006c55   Thumb Code   756  tcp_in.o(i.tcp_input)
    tcp_keepalive                            0x08006f65   Thumb Code    60  tcp_out.o(i.tcp_keepalive)
    tcp_next_iss                             0x08007085   Thumb Code    12  tcp.o(i.tcp_next_iss)
    tcp_output                               0x0800710d   Thumb Code   392  tcp_out.o(i.tcp_output)
    tcp_pcb_purge                            0x08007435   Thumb Code    66  tcp.o(i.tcp_pcb_purge)
    tcp_pcb_remove                           0x08007479   Thumb Code    82  tcp.o(i.tcp_pcb_remove)
    tcp_process_refused_data                 0x08007805   Thumb Code   104  tcp.o(i.tcp_process_refused_data)
    tcp_recv_null                            0x08007f59   Thumb Code    36  tcp.o(i.tcp_recv_null)
    tcp_recved                               0x08007f7d   Thumb Code    54  tcp.o(i.tcp_recved)
    tcp_rexmit                               0x08007fb3   Thumb Code    82  tcp_out.o(i.tcp_rexmit)
    tcp_rexmit_fast                          0x08008005   Thumb Code    88  tcp_out.o(i.tcp_rexmit_fast)
    tcp_rexmit_rto                           0x0800805d   Thumb Code    46  tcp_out.o(i.tcp_rexmit_rto)
    tcp_rst                                  0x0800808b   Thumb Code   118  tcp_out.o(i.tcp_rst)
    tcp_seg_copy                             0x08008101   Thumb Code    40  tcp.o(i.tcp_seg_copy)
    tcp_seg_free                             0x08008129   Thumb Code    28  tcp.o(i.tcp_seg_free)
    tcp_segs_free                            0x08008145   Thumb Code    18  tcp.o(i.tcp_segs_free)
    tcp_send_empty_ack                       0x08008157   Thumb Code    72  tcp_out.o(i.tcp_send_empty_ack)
    tcp_send_fin                             0x0800819f   Thumb Code    68  tcp_out.o(i.tcp_send_fin)
    tcp_slowtmr                              0x080081e5   Thumb Code   620  tcp.o(i.tcp_slowtmr)
    tcp_timer_needed                         0x08008461   Thumb Code    36  lwip_timers.o(i.tcp_timer_needed)
    tcp_tmr                                  0x08008501   Thumb Code    28  tcp.o(i.tcp_tmr)
    tcp_update_rcv_ann_wnd                   0x08008521   Thumb Code    52  tcp.o(i.tcp_update_rcv_ann_wnd)
    tcp_zero_window_probe                    0x08008555   Thumb Code   138  tcp_out.o(i.tcp_zero_window_probe)
    tcpip_callback_with_block                0x080085e1   Thumb Code    88  tcpip.o(i.tcpip_callback_with_block)
    tcpip_init                               0x0800863d   Thumb Code    44  tcpip.o(i.tcpip_init)
    tcpip_input                              0x08008681   Thumb Code    70  tcpip.o(i.tcpip_input)
    udp_bind                                 0x08008785   Thumb Code   148  udp.o(i.udp_bind)
    udp_connect                              0x0800881d   Thumb Code    70  udp.o(i.udp_connect)
    udp_init                                 0x08008869   Thumb Code     2  udp.o(i.udp_init)
    udp_input                                0x0800886d   Thumb Code   364  udp.o(i.udp_input)
    udp_new                                  0x080089e5   Thumb Code    26  udp.o(i.udp_new)
    udp_recv                                 0x080089ff   Thumb Code     6  udp.o(i.udp_recv)
    udp_remove                               0x08008a05   Thumb Code    40  udp.o(i.udp_remove)
    udp_sendto_if                            0x08008a31   Thumb Code   182  udp.o(i.udp_sendto_if)
    uxListRemove                             0x08008ae7   Thumb Code    36  list.o(i.uxListRemove)
    vListInitialise                          0x08008b0b   Thumb Code    22  list.o(i.vListInitialise)
    vListInitialiseItem                      0x08008b21   Thumb Code     6  list.o(i.vListInitialiseItem)
    vListInsert                              0x08008b27   Thumb Code    48  list.o(i.vListInsert)
    vListInsertEnd                           0x08008b57   Thumb Code    24  list.o(i.vListInsertEnd)
    vPortEnterCritical                       0x08008b71   Thumb Code    54  port.o(i.vPortEnterCritical)
    vPortExitCritical                        0x08008bb1   Thumb Code    34  port.o(i.vPortExitCritical)
    vPortFree                                0x08008bd9   Thumb Code    88  heap_4.o(i.vPortFree)
    vPortSetupTimerInterrupt                 0x08008c35   Thumb Code    26  port.o(i.vPortSetupTimerInterrupt)
    vPortValidateInterruptPriority           0x08008c55   Thumb Code    74  port.o(i.vPortValidateInterruptPriority)
    vTaskDelay                               0x08008ca9   Thumb Code    94  tasks.o(i.vTaskDelay)
    vTaskMissedYield                         0x08008d11   Thumb Code     8  tasks.o(i.vTaskMissedYield)
    vTaskPlaceOnEventList                    0x08008d1d   Thumb Code    90  tasks.o(i.vTaskPlaceOnEventList)
    vTaskPriorityInherit                     0x08008d81   Thumb Code   124  tasks.o(i.vTaskPriorityInherit)
    vTaskSetTimeOutState                     0x08008e05   Thumb Code    30  tasks.o(i.vTaskSetTimeOutState)
    vTaskStartScheduler                      0x08008e29   Thumb Code    80  tasks.o(i.vTaskStartScheduler)
    vTaskSuspendAll                          0x08008e89   Thumb Code    10  tasks.o(i.vTaskSuspendAll)
    vTaskSwitchContext                       0x08008e99   Thumb Code    82  tasks.o(i.vTaskSwitchContext)
    xPortStartScheduler                      0x08008ef5   Thumb Code   202  port.o(i.xPortStartScheduler)
    xPortSysTickHandler                      0x08008fd5   Thumb Code    38  port.o(i.xPortSysTickHandler)
    xQueueCreateCountingSemaphore            0x08009001   Thumb Code    72  queue.o(i.xQueueCreateCountingSemaphore)
    xQueueCreateMutex                        0x08009049   Thumb Code    90  queue.o(i.xQueueCreateMutex)
    xQueueGenericCreate                      0x080090a3   Thumb Code   100  queue.o(i.xQueueGenericCreate)
    xQueueGenericReceive                     0x08009109   Thumb Code   358  queue.o(i.xQueueGenericReceive)
    xQueueGenericReset                       0x08009275   Thumb Code   126  queue.o(i.xQueueGenericReset)
    xQueueGenericSend                        0x080092f9   Thumb Code   348  queue.o(i.xQueueGenericSend)
    xQueueGiveFromISR                        0x08009459   Thumb Code   156  queue.o(i.xQueueGiveFromISR)
    xQueueReceiveFromISR                     0x080094f5   Thumb Code   142  queue.o(i.xQueueReceiveFromISR)
    xTaskCheckForTimeOut                     0x08009585   Thumb Code   102  tasks.o(i.xTaskCheckForTimeOut)
    xTaskGenericCreate                       0x080095f1   Thumb Code   430  tasks.o(i.xTaskGenericCreate)
    xTaskGetSchedulerState                   0x080097ad   Thumb Code    22  tasks.o(i.xTaskGetSchedulerState)
    xTaskGetTickCount                        0x080097c9   Thumb Code     6  tasks.o(i.xTaskGetTickCount)
    xTaskIncrementTick                       0x080097d5   Thumb Code   194  tasks.o(i.xTaskIncrementTick)
    xTaskPriorityDisinherit                  0x080098a1   Thumb Code   144  tasks.o(i.xTaskPriorityDisinherit)
    xTaskRemoveFromEventList                 0x08009939   Thumb Code   108  tasks.o(i.xTaskRemoveFromEventList)
    xTaskResumeAll                           0x080099ad   Thumb Code   182  tasks.o(i.xTaskResumeAll)
    APBAHBPrescTable                         0x08009aa0   Data          16  stm32f4xx_hal_rcc.o(.constdata)
    ethbroadcast                             0x08009ab0   Data           6  etharp.o(.constdata)
    ethzero                                  0x08009ab6   Data           6  etharp.o(.constdata)
    ip_addr_any                              0x08009abc   Data           4  ip_addr.o(.constdata)
    ip_addr_broadcast                        0x08009ac0   Data           4  ip_addr.o(.constdata)
    tcp_persist_backoff                      0x08009afc   Data           7  tcp.o(.constdata)
    tcp_state_str                            0x08009b04   Data          44  tcp.o(.constdata)
    tcp_backoff                              0x08009b30   Data          13  tcp.o(.constdata)
    tcp_pcb_lists                            0x08009b40   Data          16  tcp.o(.constdata)
    SD_Driver                                0x08009b50   Data          20  sd_diskio.o(.constdata)
    Region$$Table$$Base                      0x08009bf0   Number         0  anon$$obj.o(Region$$Table)
    Region$$Table$$Limit                     0x08009c10   Number         0  anon$$obj.o(Region$$Table)
    retSD                                    0x20000008   Data           1  fatfs.o(.data)
    SD_Path                                  0x20000009   Data           4  fatfs.o(.data)
    s_xSemaphore                             0x20000010   Data           4  ethernetif.o(.data)
    ipaddr                                   0x20000014   Data           4  lwip.o(.data)
    netmask                                  0x20000018   Data           4  lwip.o(.data)
    gw                                       0x2000001c   Data           4  lwip.o(.data)
    defaultTaskHandle                        0x20000020   Data           4  freertos.o(.data)
    dcmiBinarySemaphoreHandle                0x20000024   Data           4  freertos.o(.data)
    SystemCoreClock                          0x2000002c   Data           4  system_stm32f4xx.o(.data)
    tcp_input_pcb                            0x20000050   Data           4  tcp_in.o(.data)
    udp_pcbs                                 0x2000005c   Data           4  udp.o(.data)
    current_netif                            0x20000064   Data           4  ip.o(.data)
    current_header                           0x20000068   Data           4  ip.o(.data)
    current_iphdr_src                        0x2000006c   Data           4  ip.o(.data)
    current_iphdr_dest                       0x20000070   Data           4  ip.o(.data)
    netif_list                               0x20000088   Data           4  netif.o(.data)
    netif_default                            0x2000008c   Data           4  netif.o(.data)
    pbuf_free_ooseq_pending                  0x2000009c   Data           1  pbuf.o(.data)
    tcp_active_pcbs_changed                  0x200000b0   Data           1  tcp.o(.data)
    tcp_ticks                                0x200000bc   Data           4  tcp.o(.data)
    tcp_bound_pcbs                           0x200000c0   Data           4  tcp.o(.data)
    tcp_listen_pcbs                          0x200000c4   Data           4  tcp.o(.data)
    tcp_active_pcbs                          0x200000c8   Data           4  tcp.o(.data)
    tcp_tw_pcbs                              0x200000cc   Data           4  tcp.o(.data)
    tcp_tmp_pcb                              0x200000d0   Data           4  tcp.o(.data)
    pxCurrentTCB                             0x200000dc   Data           4  tasks.o(.data)
    huart1                                   0x20000138   Data          64  usart.o(.bss)
    hspi2                                    0x20000178   Data          88  spi.o(.bss)
    hsram1                                   0x200001d0   Data          72  fsmc.o(.bss)
    hsd                                      0x20000218   Data          96  sdio.o(.bss)
    SDCardInfo                               0x20000278   Data          88  sdio.o(.bss)
    hi2c1                                    0x200002d0   Data          60  i2c.o(.bss)
    hdcmi                                    0x2000030c   Data          64  dcmi.o(.bss)
    hdma_dcmi                                0x2000034c   Data          88  dcmi.o(.bss)
    DMARxDscrTab                             0x200003a4   Data         128  ethernetif.o(.bss)
    DMATxDscrTab                             0x20000424   Data         128  ethernetif.o(.bss)
    Rx_Buff                                  0x200004a4   Data        6096  ethernetif.o(.bss)
    Tx_Buff                                  0x20001c74   Data        6096  ethernetif.o(.bss)
    heth                                     0x20003444   Data          72  ethernetif.o(.bss)
    gnetif                                   0x2000348c   Data          52  lwip.o(.bss)
    ram_heap                                 0x20006703   Data        1620  mem.o(.bss)
    dhcp_rx_options_val                      0x20006d58   Data          40  dhcp.o(.bss)
    dhcp_rx_options_given                    0x20006d80   Data          10  dhcp.o(.bss)
    disk                                     0x20006d8c   Data          12  ff_gen_drv.o(.bss)
    __initial_sp                             0x2000ae88   Data           0  startup_stm32f407xx.o(STACK)



==============================================================================

Memory Map of the image

  Image Entry point : 0x08000189

  Load Region LR_IROM1 (Base: 0x08000000, Size: 0x00009d48, Max: 0x00100000, ABSOLUTE, COMPRESSED[0x00009c30])

    Execution Region ER_IROM1 (Base: 0x08000000, Size: 0x00009c10, Max: 0x00100000, ABSOLUTE)

    Base Addr    Size         Type   Attr      Idx    E Section Name        Object

    0x08000000   0x00000188   Data   RO         3763    RESET               startup_stm32f407xx.o
    0x08000188   0x00000000   Code   RO         8454  * .ARM.Collect$$$$00000000  mc_w.l(entry.o)
    0x08000188   0x00000004   Code   RO         8467    .ARM.Collect$$$$00000001  mc_w.l(entry2.o)
    0x0800018c   0x00000004   Code   RO         8470    .ARM.Collect$$$$00000004  mc_w.l(entry5.o)
    0x08000190   0x00000000   Code   RO         8472    .ARM.Collect$$$$00000008  mc_w.l(entry7b.o)
    0x08000190   0x00000000   Code   RO         8474    .ARM.Collect$$$$0000000A  mc_w.l(entry8b.o)
    0x08000190   0x00000008   Code   RO         8475    .ARM.Collect$$$$0000000B  mc_w.l(entry9a.o)
    0x08000198   0x00000000   Code   RO         8477    .ARM.Collect$$$$0000000D  mc_w.l(entry10a.o)
    0x08000198   0x00000000   Code   RO         8479    .ARM.Collect$$$$0000000F  mc_w.l(entry11a.o)
    0x08000198   0x00000004   Code   RO         8468    .ARM.Collect$$$$00002712  mc_w.l(entry2.o)
    0x0800019c   0x000000ba   Code   RO         8295    .emb_text           port.o
    0x08000256   0x00000002   PAD
    0x08000258   0x00000024   Code   RO         3764    .text               startup_stm32f407xx.o
    0x0800027c   0x00000024   Code   RO         8457    .text               mc_w.l(memcpya.o)
    0x080002a0   0x00000024   Code   RO         8459    .text               mc_w.l(memseta.o)
    0x080002c4   0x0000001a   Code   RO         8463    .text               mc_w.l(memcmp.o)
    0x080002de   0x00000002   PAD
    0x080002e0   0x00000024   Code   RO         8481    .text               mc_w.l(init.o)
    0x08000304   0x0000003a   Code   RO         8491    .text               mc_w.l(__dczerorl.o)
    0x0800033e   0x00000002   PAD
    0x08000340   0x0000000c   Code   RO          982    i.BSP_SD_GetCardInfo  bsp_driver_sd.o
    0x0800034c   0x0000000c   Code   RO          983    i.BSP_SD_GetStatus  bsp_driver_sd.o
    0x08000358   0x00000034   Code   RO          986    i.BSP_SD_Init       bsp_driver_sd.o
    0x0800038c   0x00000024   Code   RO          987    i.BSP_SD_IsDetected  bsp_driver_sd.o
    0x080003b0   0x00000020   Code   RO          988    i.BSP_SD_ReadBlocks  bsp_driver_sd.o
    0x080003d0   0x00000020   Code   RO          990    i.BSP_SD_WriteBlocks  bsp_driver_sd.o
    0x080003f0   0x0000000c   Code   RO          460    i.DCMI_IRQHandler   stm32f4xx_it.o
    0x080003fc   0x0000000c   Code   RO          461    i.DMA2_Stream1_IRQHandler  stm32f4xx_it.o
    0x08000408   0x00000028   Code   RO         3114    i.DMA_CalcBaseAndBitshift  stm32f4xx_hal_dma.o
    0x08000430   0x0000002e   Code   RO         2252    i.ETH_FlushTransmitFIFO  stm32f4xx_hal_eth.o
    0x0800045e   0x00000002   PAD
    0x08000460   0x0000000c   Code   RO          462    i.ETH_IRQHandler    stm32f4xx_it.o
    0x0800046c   0x00000124   Code   RO         2253    i.ETH_MACDMAConfig  stm32f4xx_hal_eth.o
    0x08000590   0x00000006   Code   RO         6860    i.FATFS_LinkDriver  ff_gen_drv.o
    0x08000596   0x00000002   PAD
    0x08000598   0x00000040   Code   RO         6861    i.FATFS_LinkDriverEx  ff_gen_drv.o
    0x080005d8   0x00000040   Code   RO         1854    i.FSMC_NORSRAM_Extended_Timing_Init  stm32f4xx_ll_fsmc.o
    0x08000618   0x00000054   Code   RO         1855    i.FSMC_NORSRAM_Init  stm32f4xx_ll_fsmc.o
    0x0800066c   0x00000044   Code   RO         1856    i.FSMC_NORSRAM_Timing_Init  stm32f4xx_ll_fsmc.o
    0x080006b0   0x00000002   Code   RO         1532    i.HAL_DCMI_ErrorCallback  stm32f4xx_hal_dcmi.o
    0x080006b2   0x00000002   Code   RO         1533    i.HAL_DCMI_FrameEventCallback  stm32f4xx_hal_dcmi.o
    0x080006b4   0x000000e4   Code   RO         1536    i.HAL_DCMI_IRQHandler  stm32f4xx_hal_dcmi.o
    0x08000798   0x000000ac   Code   RO         1822    i.HAL_DCMI_Init     stm32f4xx_hal_dcmi_ex.o
    0x08000844   0x00000002   Code   RO         1538    i.HAL_DCMI_LineEventCallback  stm32f4xx_hal_dcmi.o
    0x08000846   0x00000002   PAD
    0x08000848   0x000000e4   Code   RO          667    i.HAL_DCMI_MspInit  dcmi.o
    0x0800092c   0x00000002   Code   RO         1543    i.HAL_DCMI_VsyncEventCallback  stm32f4xx_hal_dcmi.o
    0x0800092e   0x00000002   PAD
    0x08000930   0x00000054   Code   RO         3116    i.HAL_DMA_Abort     stm32f4xx_hal_dma.o
    0x08000984   0x000001a0   Code   RO         3120    i.HAL_DMA_IRQHandler  stm32f4xx_hal_dma.o
    0x08000b24   0x00000078   Code   RO         3121    i.HAL_DMA_Init      stm32f4xx_hal_dma.o
    0x08000b9c   0x00000016   Code   RO         3204    i.HAL_Delay         stm32f4xx_hal.o
    0x08000bb2   0x00000074   Code   RO         2256    i.HAL_ETH_DMARxDescListInit  stm32f4xx_hal_eth.o
    0x08000c26   0x00000078   Code   RO         2257    i.HAL_ETH_DMATxDescListInit  stm32f4xx_hal_eth.o
    0x08000c9e   0x00000002   Code   RO         2259    i.HAL_ETH_ErrorCallback  stm32f4xx_hal_eth.o
    0x08000ca0   0x00000088   Code   RO         2261    i.HAL_ETH_GetReceivedFrame_IT  stm32f4xx_hal_eth.o
    0x08000d28   0x0000007a   Code   RO         2263    i.HAL_ETH_IRQHandler  stm32f4xx_hal_eth.o
    0x08000da2   0x00000002   PAD
    0x08000da4   0x000001ec   Code   RO         2264    i.HAL_ETH_Init      stm32f4xx_hal_eth.o
    0x08000f90   0x000000ac   Code   RO          748    i.HAL_ETH_MspInit   ethernetif.o
    0x0800103c   0x00000084   Code   RO         2267    i.HAL_ETH_ReadPHYRegister  stm32f4xx_hal_eth.o
    0x080010c0   0x0000000c   Code   RO          749    i.HAL_ETH_RxCpltCallback  ethernetif.o
    0x080010cc   0x00000084   Code   RO         2269    i.HAL_ETH_Start     stm32f4xx_hal_eth.o
    0x08001150   0x00000108   Code   RO         2271    i.HAL_ETH_TransmitFrame  stm32f4xx_hal_eth.o
    0x08001258   0x00000002   Code   RO         2272    i.HAL_ETH_TxCpltCallback  stm32f4xx_hal_eth.o
    0x0800125a   0x00000002   PAD
    0x0800125c   0x00000078   Code   RO         2273    i.HAL_ETH_WritePHYRegister  stm32f4xx_hal_eth.o
    0x080012d4   0x0000006c   Code   RO          509    i.HAL_FSMC_MspInit  fsmc.o
    0x08001340   0x000001c0   Code   RO         1244    i.HAL_GPIO_Init     stm32f4xx_hal_gpio.o
    0x08001500   0x0000000a   Code   RO         1246    i.HAL_GPIO_ReadPin  stm32f4xx_hal_gpio.o
    0x0800150a   0x00000002   PAD
    0x0800150c   0x0000000c   Code   RO         3210    i.HAL_GetTick       stm32f4xx_hal.o
    0x08001518   0x00000100   Code   RO         2526    i.HAL_I2C_Init      stm32f4xx_hal_i2c.o
    0x08001618   0x0000004c   Code   RO          601    i.HAL_I2C_MspInit   i2c.o
    0x08001664   0x00000034   Code   RO         3212    i.HAL_Init          stm32f4xx_hal.o
    0x08001698   0x00000022   Code   RO         3213    i.HAL_InitTick      stm32f4xx_hal.o
    0x080016ba   0x00000016   Code   RO          169    i.HAL_MspInit       stm32f4xx_hal_msp.o
    0x080016d0   0x00000016   Code   RO         1406    i.HAL_NVIC_EnableIRQ  stm32f4xx_hal_cortex.o
    0x080016e6   0x00000002   PAD
    0x080016e8   0x00000040   Code   RO         1412    i.HAL_NVIC_SetPriority  stm32f4xx_hal_cortex.o
    0x08001728   0x00000024   Code   RO         1413    i.HAL_NVIC_SetPriorityGrouping  stm32f4xx_hal_cortex.o
    0x0800174c   0x0000020c   Code   RO         3385    i.HAL_RCC_ClockConfig  stm32f4xx_hal_rcc.o
    0x08001958   0x00000034   Code   RO         3390    i.HAL_RCC_GetHCLKFreq  stm32f4xx_hal_rcc.o
    0x0800198c   0x0000002c   Code   RO         3392    i.HAL_RCC_GetPCLK1Freq  stm32f4xx_hal_rcc.o
    0x080019b8   0x0000002c   Code   RO         3393    i.HAL_RCC_GetPCLK2Freq  stm32f4xx_hal_rcc.o
    0x080019e4   0x00000070   Code   RO         3394    i.HAL_RCC_GetSysClockFreq  stm32f4xx_hal_rcc.o
    0x08001a54   0x00000338   Code   RO         3397    i.HAL_RCC_OscConfig  stm32f4xx_hal_rcc.o
    0x08001d8c   0x0000004e   Code   RO         3498    i.HAL_SD_GetStatus  stm32f4xx_hal_sd.o
    0x08001dda   0x000002b8   Code   RO         3499    i.HAL_SD_Get_CardInfo  stm32f4xx_hal_sd.o
    0x08002092   0x000000a0   Code   RO         3502    i.HAL_SD_Init       stm32f4xx_hal_sd.o
    0x08002132   0x00000002   PAD
    0x08002134   0x00000064   Code   RO          558    i.HAL_SD_MspInit    sdio.o
    0x08002198   0x0000017c   Code   RO         3505    i.HAL_SD_ReadBlocks  stm32f4xx_hal_sd.o
    0x08002314   0x0000002c   Code   RO         3508    i.HAL_SD_StopTransfer  stm32f4xx_hal_sd.o
    0x08002340   0x0000005e   Code   RO         3509    i.HAL_SD_WideBusOperation_Config  stm32f4xx_hal_sd.o
    0x0800239e   0x00000002   PAD
    0x080023a0   0x000001d8   Code   RO         3510    i.HAL_SD_WriteBlocks  stm32f4xx_hal_sd.o
    0x08002578   0x00000084   Code   RO         2016    i.HAL_SPI_Init      stm32f4xx_hal_spi.o
    0x080025fc   0x00000064   Code   RO          194    i.HAL_SPI_MspInit   spi.o
    0x08002660   0x00000056   Code   RO         2404    i.HAL_SRAM_Init     stm32f4xx_hal_sram.o
    0x080026b6   0x00000004   Code   RO          511    i.HAL_SRAM_MspInit  fsmc.o
    0x080026ba   0x00000018   Code   RO         1415    i.HAL_SYSTICK_CLKSourceConfig  stm32f4xx_hal_cortex.o
    0x080026d2   0x00000028   Code   RO         1417    i.HAL_SYSTICK_Config  stm32f4xx_hal_cortex.o
    0x080026fa   0x0000005e   Code   RO         2893    i.HAL_UART_Init     stm32f4xx_hal_uart.o
    0x08002758   0x0000004c   Code   RO            5    i.HAL_UART_MspInit  usart.o
    0x080027a4   0x00000024   Code   RO          668    i.MX_DCMI_Init      dcmi.o
    0x080027c8   0x0000002c   Code   RO          909    i.MX_DMA_Init       dma.o
    0x080027f4   0x0000001c   Code   RO          708    i.MX_FATFS_Init     fatfs.o
    0x08002810   0x00000034   Code   RO          932    i.MX_FREERTOS_Init  freertos.o
    0x08002844   0x0000005c   Code   RO          512    i.MX_FSMC_Init      fsmc.o
    0x080028a0   0x000000f0   Code   RO          642    i.MX_GPIO_Init      gpio.o
    0x08002990   0x00000030   Code   RO          602    i.MX_I2C1_Init      i2c.o
    0x080029c0   0x00000068   Code   RO          854    i.MX_LWIP_Init      lwip.o
    0x08002a28   0x00000020   Code   RO          559    i.MX_SDIO_SD_Init   sdio.o
    0x08002a48   0x00000034   Code   RO          195    i.MX_SPI2_Init      spi.o
    0x08002a7c   0x00000028   Code   RO            6    i.MX_USART1_UART_Init  usart.o
    0x08002aa4   0x00000020   Code   RO         1419    i.NVIC_SetPriority  stm32f4xx_hal_cortex.o
    0x08002ac4   0x00000024   Code   RO         1307    i.SDIO_DataConfig   stm32f4xx_ll_sdmmc.o
    0x08002ae8   0x00000006   Code   RO         1308    i.SDIO_GetCommandResponse  stm32f4xx_ll_sdmmc.o
    0x08002aee   0x00000008   Code   RO         1311    i.SDIO_GetPowerState  stm32f4xx_ll_sdmmc.o
    0x08002af6   0x00000002   PAD
    0x08002af8   0x00000010   Code   RO         1312    i.SDIO_GetResponse  stm32f4xx_ll_sdmmc.o
    0x08002b08   0x00000024   Code   RO         1313    i.SDIO_Init         stm32f4xx_ll_sdmmc.o
    0x08002b2c   0x00000008   Code   RO         1315    i.SDIO_PowerState_ON  stm32f4xx_ll_sdmmc.o
    0x08002b34   0x00000006   Code   RO         1316    i.SDIO_ReadFIFO     stm32f4xx_ll_sdmmc.o
    0x08002b3a   0x00000020   Code   RO         1317    i.SDIO_SendCommand  stm32f4xx_ll_sdmmc.o
    0x08002b5a   0x0000000a   Code   RO         1319    i.SDIO_WriteFIFO    stm32f4xx_ll_sdmmc.o
    0x08002b64   0x000000ec   Code   RO         3514    i.SD_CmdResp1Error  stm32f4xx_hal_sd.o
    0x08002c50   0x0000002e   Code   RO         3515    i.SD_CmdResp2Error  stm32f4xx_hal_sd.o
    0x08002c7e   0x00000072   Code   RO         3516    i.SD_CmdResp6Error  stm32f4xx_hal_sd.o
    0x08002cf0   0x00000040   Code   RO         3517    i.SD_CmdResp7Error  stm32f4xx_hal_sd.o
    0x08002d30   0x0000010a   Code   RO         3522    i.SD_FindSCR        stm32f4xx_hal_sd.o
    0x08002e3a   0x000000dc   Code   RO         3523    i.SD_Initialize_Cards  stm32f4xx_hal_sd.o
    0x08002f16   0x00000002   PAD
    0x08002f18   0x0000013c   Code   RO         3524    i.SD_IsCardProgramming  stm32f4xx_hal_sd.o
    0x08003054   0x00000174   Code   RO         3525    i.SD_PowerON        stm32f4xx_hal_sd.o
    0x080031c8   0x00000072   Code   RO         3526    i.SD_WideBus_Disable  stm32f4xx_hal_sd.o
    0x0800323a   0x00000074   Code   RO         3527    i.SD_WideBus_Enable  stm32f4xx_hal_sd.o
    0x080032ae   0x00000002   PAD
    0x080032b0   0x00000020   Code   RO         6910    i.SD_initialize     sd_diskio.o
    0x080032d0   0x00000050   Code   RO         6911    i.SD_ioctl          sd_diskio.o
    0x08003320   0x0000001e   Code   RO         6912    i.SD_read           sd_diskio.o
    0x0800333e   0x00000002   PAD
    0x08003340   0x00000020   Code   RO         6913    i.SD_status         sd_diskio.o
    0x08003360   0x0000001e   Code   RO         6914    i.SD_write          sd_diskio.o
    0x0800337e   0x00000010   Code   RO          933    i.StartDefaultTask  freertos.o
    0x0800338e   0x00000004   Code   RO          463    i.SysTick_Handler   stm32f4xx_it.o
    0x08003392   0x00000002   PAD
    0x08003394   0x00000094   Code   RO          235    i.SystemClock_Config  main.o
    0x08003428   0x00000054   Code   RO         3728    i.SystemInit        system_stm32f4xx.o
    0x0800347c   0x00000178   Code   RO         2912    i.UART_SetConfig    stm32f4xx_hal_uart.o
    0x080035f4   0x0000000e   Code   RO         8485    i.__scatterload_copy  mc_w.l(handlers.o)
    0x08003602   0x00000002   Code   RO         8486    i.__scatterload_null  mc_w.l(handlers.o)
    0x08003604   0x0000000e   Code   RO         8487    i.__scatterload_zeroinit  mc_w.l(handlers.o)
    0x08003612   0x00000002   PAD
    0x08003614   0x0000001c   Code   RO         5932    i.arp_timer         lwip_timers.o
    0x08003630   0x0000001e   Code   RO         6676    i.dhcp_arp_reply    dhcp.o
    0x0800364e   0x000000c0   Code   RO         6677    i.dhcp_bind         dhcp.o
    0x0800370e   0x00000030   Code   RO         6678    i.dhcp_check        dhcp.o
    0x0800373e   0x00000002   PAD
    0x08003740   0x00000060   Code   RO         6680    i.dhcp_coarse_tmr   dhcp.o
    0x080037a0   0x00000124   Code   RO         6681    i.dhcp_create_msg   dhcp.o
    0x080038c4   0x00000078   Code   RO         6682    i.dhcp_decline      dhcp.o
    0x0800393c   0x00000016   Code   RO         6683    i.dhcp_delete_msg   dhcp.o
    0x08003952   0x00000002   PAD
    0x08003954   0x000000bc   Code   RO         6684    i.dhcp_discover     dhcp.o
    0x08003a10   0x00000034   Code   RO         6685    i.dhcp_fine_tmr     dhcp.o
    0x08003a44   0x0000005c   Code   RO         6686    i.dhcp_handle_ack   dhcp.o
    0x08003aa0   0x00000020   Code   RO         6689    i.dhcp_option       dhcp.o
    0x08003ac0   0x00000010   Code   RO         6690    i.dhcp_option_byte  dhcp.o
    0x08003ad0   0x00000042   Code   RO         6691    i.dhcp_option_long  dhcp.o
    0x08003b12   0x00000022   Code   RO         6692    i.dhcp_option_short  dhcp.o
    0x08003b34   0x0000002c   Code   RO         6693    i.dhcp_option_trailer  dhcp.o
    0x08003b60   0x000001f8   Code   RO         6694    i.dhcp_parse_reply  dhcp.o
    0x08003d58   0x00000088   Code   RO         6695    i.dhcp_rebind       dhcp.o
    0x08003de0   0x000000a0   Code   RO         6696    i.dhcp_reboot       dhcp.o
    0x08003e80   0x00000114   Code   RO         6697    i.dhcp_recv         dhcp.o
    0x08003f94   0x000000a4   Code   RO         6698    i.dhcp_release      dhcp.o
    0x08004038   0x00000084   Code   RO         6699    i.dhcp_renew        dhcp.o
    0x080040bc   0x000000e8   Code   RO         6700    i.dhcp_select       dhcp.o
    0x080041a4   0x00000010   Code   RO         6701    i.dhcp_set_state    dhcp.o
    0x080041b4   0x000000a4   Code   RO         6703    i.dhcp_start        dhcp.o
    0x08004258   0x00000030   Code   RO         6704    i.dhcp_stop         dhcp.o
    0x08004288   0x00000088   Code   RO         6705    i.dhcp_timeout      dhcp.o
    0x08004310   0x0000001c   Code   RO         5933    i.dhcp_timer_coarse  lwip_timers.o
    0x0800432c   0x0000001c   Code   RO         5934    i.dhcp_timer_fine   lwip_timers.o
    0x08004348   0x000000ce   Code   RO         5341    i.etharp_arp_input  etharp.o
    0x08004416   0x00000002   PAD
    0x08004418   0x00000030   Code   RO         5342    i.etharp_cleanup_netif  etharp.o
    0x08004448   0x000000dc   Code   RO         5344    i.etharp_find_entry  etharp.o
    0x08004524   0x00000024   Code   RO         5345    i.etharp_free_entry  etharp.o
    0x08004548   0x00000104   Code   RO         5346    i.etharp_output     etharp.o
    0x0800464c   0x00000044   Code   RO         5347    i.etharp_output_to_arp_index  etharp.o
    0x08004690   0x000000ec   Code   RO         5348    i.etharp_query      etharp.o
    0x0800477c   0x000000a0   Code   RO         5349    i.etharp_raw        etharp.o
    0x0800481c   0x00000024   Code   RO         5350    i.etharp_request    etharp.o
    0x08004840   0x00000020   Code   RO         5351    i.etharp_send_ip    etharp.o
    0x08004860   0x00000048   Code   RO         5352    i.etharp_tmr        etharp.o
    0x080048a8   0x0000007c   Code   RO         5353    i.etharp_update_arp_entry  etharp.o
    0x08004924   0x00000090   Code   RO         5354    i.ethernet_input    etharp.o
    0x080049b4   0x00000028   Code   RO          750    i.ethernetif_init   ethernetif.o
    0x080049dc   0x00000030   Code   RO          751    i.ethernetif_input  ethernetif.o
    0x08004a0c   0x00000008   Code   RO         5087    i.icmp_dest_unreach  icmp.o
    0x08004a14   0x000000fc   Code   RO         5088    i.icmp_input        icmp.o
    0x08004b10   0x00000064   Code   RO         5089    i.icmp_send_response  icmp.o
    0x08004b74   0x00000008   Code   RO         5090    i.icmp_time_exceeded  icmp.o
    0x08004b7c   0x0000000c   Code   RO         7677    i.inHandlerMode     cmsis_os.o
    0x08004b88   0x0000000c   Code   RO         4997    i.inet_chksum       inet_chksum.o
    0x08004b94   0x00000048   Code   RO         4998    i.inet_chksum_pbuf  inet_chksum.o
    0x08004bdc   0x0000002e   Code   RO         6217    i.ip4_addr_isbroadcast  ip_addr.o
    0x08004c0a   0x00000002   PAD
    0x08004c0c   0x00000164   Code   RO         4206    i.ip_frag           ip_frag.o
    0x08004d70   0x00000008   Code   RO         4207    i.ip_frag_free_pbuf_custom_ref  ip_frag.o
    0x08004d78   0x0000017c   Code   RO         5146    i.ip_input          ip.o
    0x08004ef4   0x00000034   Code   RO         5147    i.ip_output         ip.o
    0x08004f28   0x000000a8   Code   RO         5148    i.ip_output_if      ip.o
    0x08004fd0   0x0000018c   Code   RO         4208    i.ip_reass          ip_frag.o
    0x0800515c   0x000000e8   Code   RO         4209    i.ip_reass_chain_frag_into_datagram_and_validate  ip_frag.o
    0x08005244   0x00000024   Code   RO         4210    i.ip_reass_dequeue_datagram  ip_frag.o
    0x08005268   0x00000070   Code   RO         4211    i.ip_reass_free_complete_datagram  ip_frag.o
    0x080052d8   0x0000006c   Code   RO         4212    i.ip_reass_remove_oldest_datagram  ip_frag.o
    0x08005344   0x0000001c   Code   RO         5935    i.ip_reass_timer    lwip_timers.o
    0x08005360   0x0000002c   Code   RO         4213    i.ip_reass_tmr      ip_frag.o
    0x0800538c   0x00000040   Code   RO         5149    i.ip_route          ip.o
    0x080053cc   0x00000016   Code   RO         4214    i.ipfrag_free_pbuf_custom  ip_frag.o
    0x080053e2   0x00000002   PAD
    0x080053e4   0x0000012c   Code   RO          753    i.low_level_init    ethernetif.o
    0x08005510   0x000000c0   Code   RO          754    i.low_level_input   ethernetif.o
    0x080055d0   0x000000a8   Code   RO          755    i.low_level_output  ethernetif.o
    0x08005678   0x00000004   Code   RO         5444    i.lwip_htonl        def.o
    0x0800567c   0x00000004   Code   RO         5445    i.lwip_htons        def.o
    0x08005680   0x00000026   Code   RO         3912    i.lwip_init         init.o
    0x080056a6   0x00000004   Code   RO         5446    i.lwip_ntohl        def.o
    0x080056aa   0x00000004   Code   RO         5447    i.lwip_ntohs        def.o
    0x080056ae   0x00000002   Code   RO         4321    i.lwip_socket_init  sockets.o
    0x080056b0   0x00000058   Code   RO         5001    i.lwip_standard_chksum  inet_chksum.o
    0x08005708   0x00000032   Code   RO          236    i.main              main.o
    0x0800573a   0x0000000c   Code   RO         7679    i.makeFreeRtosPriority  cmsis_os.o
    0x08005746   0x00000002   PAD
    0x08005748   0x00000044   Code   RO         6371    i.mem_free          mem.o
    0x0800578c   0x0000003c   Code   RO         6372    i.mem_init          mem.o
    0x080057c8   0x000000d4   Code   RO         6373    i.mem_malloc        mem.o
    0x0800589c   0x000000dc   Code   RO         6374    i.mem_trim          mem.o
    0x08005978   0x00000018   Code   RO         6283    i.memp_free         memp.o
    0x08005990   0x00000058   Code   RO         6284    i.memp_init         memp.o
    0x080059e8   0x00000020   Code   RO         6285    i.memp_malloc       memp.o
    0x08005a08   0x0000004c   Code   RO         5486    i.netif_add         netif.o
    0x08005a54   0x00000002   Code   RO         5488    i.netif_init        netif.o
    0x08005a56   0x00000020   Code   RO         5490    i.netif_set_addr    netif.o
    0x08005a76   0x00000002   PAD
    0x08005a78   0x0000000c   Code   RO         5491    i.netif_set_default  netif.o
    0x08005a84   0x0000001a   Code   RO         5492    i.netif_set_down    netif.o
    0x08005a9e   0x00000008   Code   RO         5493    i.netif_set_gw      netif.o
    0x08005aa6   0x00000002   PAD
    0x08005aa8   0x00000068   Code   RO         5494    i.netif_set_ipaddr  netif.o
    0x08005b10   0x00000008   Code   RO         5497    i.netif_set_netmask  netif.o
    0x08005b18   0x00000020   Code   RO         5498    i.netif_set_up      netif.o
    0x08005b38   0x0000000e   Code   RO         7680    i.osDelay           cmsis_os.o
    0x08005b46   0x0000000a   Code   RO         7683    i.osKernelStart     cmsis_os.o
    0x08005b50   0x0000002e   Code   RO         7706    i.osSemaphoreCreate  cmsis_os.o
    0x08005b7e   0x00000002   PAD
    0x08005b80   0x00000050   Code   RO         7708    i.osSemaphoreRelease  cmsis_os.o
    0x08005bd0   0x00000068   Code   RO         7709    i.osSemaphoreWait   cmsis_os.o
    0x08005c38   0x00000014   Code   RO         7712    i.osSystickHandler  cmsis_os.o
    0x08005c4c   0x00000038   Code   RO         7713    i.osThreadCreate    cmsis_os.o
    0x08005c84   0x00000122   Code   RO         6052    i.pbuf_alloc        pbuf.o
    0x08005da6   0x00000054   Code   RO         6053    i.pbuf_alloced_custom  pbuf.o
    0x08005dfa   0x00000028   Code   RO         6054    i.pbuf_cat          pbuf.o
    0x08005e22   0x00000012   Code   RO         6055    i.pbuf_chain        pbuf.o
    0x08005e34   0x00000012   Code   RO         6056    i.pbuf_clen         pbuf.o
    0x08005e46   0x0000009a   Code   RO         6058    i.pbuf_copy         pbuf.o
    0x08005ee0   0x00000068   Code   RO         6059    i.pbuf_copy_partial  pbuf.o
    0x08005f48   0x00000050   Code   RO         6061    i.pbuf_free         pbuf.o
    0x08005f98   0x0000002c   Code   RO         6062    i.pbuf_free_ooseq_callback  pbuf.o
    0x08005fc4   0x00000060   Code   RO         6064    i.pbuf_header       pbuf.o
    0x08006024   0x0000002c   Code   RO         6067    i.pbuf_pool_is_empty  pbuf.o
    0x08006050   0x0000004e   Code   RO         6068    i.pbuf_realloc      pbuf.o
    0x0800609e   0x0000000c   Code   RO         6069    i.pbuf_ref          pbuf.o
    0x080060aa   0x00000002   PAD
    0x080060ac   0x00000054   Code   RO         6375    i.plug_holes        mem.o
    0x08006100   0x00000034   Code   RO         8010    i.prvAddCurrentTaskToDelayedList  tasks.o
    0x08006134   0x00000054   Code   RO         8011    i.prvCheckTasksWaitingTermination  tasks.o
    0x08006188   0x00000026   Code   RO         7427    i.prvCopyDataFromQueue  queue.o
    0x080061ae   0x0000006e   Code   RO         7428    i.prvCopyDataToQueue  queue.o
    0x0800621c   0x0000004c   Code   RO         8360    i.prvHeapInit       heap_4.o
    0x08006268   0x00000028   Code   RO         8012    i.prvIdleTask       tasks.o
    0x08006290   0x0000004c   Code   RO         8361    i.prvInsertBlockIntoFreeList  heap_4.o
    0x080062dc   0x00000020   Code   RO         8014    i.prvResetNextTaskUnblockTime  tasks.o
    0x080062fc   0x00000028   Code   RO         8296    i.prvTaskExitError  port.o
    0x08006324   0x00000064   Code   RO         7429    i.prvUnlockQueue    queue.o
    0x08006388   0x000000d8   Code   RO         8362    i.pvPortMalloc      heap_4.o
    0x08006460   0x00000018   Code   RO         8016    i.pvTaskIncrementMutexHeldCount  tasks.o
    0x08006478   0x00000028   Code   RO         8297    i.pxPortInitialiseStack  port.o
    0x080064a0   0x00000074   Code   RO         5626    i.raw_input         raw.o
    0x08006514   0x00000050   Code   RO         4551    i.sys_arch_mbox_fetch  sys_arch.o
    0x08006564   0x00000042   Code   RO         4554    i.sys_arch_sem_wait  sys_arch.o
    0x080065a6   0x00000002   PAD
    0x080065a8   0x0000000c   Code   RO         4557    i.sys_init          sys_arch.o
    0x080065b4   0x0000001c   Code   RO         4559    i.sys_mbox_new      sys_arch.o
    0x080065d0   0x0000001a   Code   RO         4560    i.sys_mbox_post     sys_arch.o
    0x080065ea   0x0000001c   Code   RO         4562    i.sys_mbox_trypost  sys_arch.o
    0x08006606   0x0000000a   Code   RO         4563    i.sys_mbox_valid    sys_arch.o
    0x08006610   0x00000006   Code   RO         4565    i.sys_mutex_lock    sys_arch.o
    0x08006616   0x00000018   Code   RO         4566    i.sys_mutex_new     sys_arch.o
    0x0800662e   0x0000000c   Code   RO         4567    i.sys_mutex_unlock  sys_arch.o
    0x0800663a   0x00000002   PAD
    0x0800663c   0x0000003c   Code   RO         4573    i.sys_thread_new    sys_arch.o
    0x08006678   0x0000005c   Code   RO         5936    i.sys_timeout       lwip_timers.o
    0x080066d4   0x00000048   Code   RO         5937    i.sys_timeouts_init  lwip_timers.o
    0x0800671c   0x00000060   Code   RO         5938    i.sys_timeouts_mbox_fetch  lwip_timers.o
    0x0800677c   0x00000048   Code   RO         5939    i.sys_untimeout     lwip_timers.o
    0x080067c4   0x00000094   Code   RO         6427    i.tcp_abandon       tcp.o
    0x08006858   0x00000006   Code   RO         6428    i.tcp_abort         tcp.o
    0x0800685e   0x00000002   PAD
    0x08006860   0x000000f8   Code   RO         6431    i.tcp_alloc         tcp.o
    0x08006958   0x00000014   Code   RO         6434    i.tcp_close         tcp.o
    0x0800696c   0x00000124   Code   RO         6435    i.tcp_close_shutdown  tcp.o
    0x08006a90   0x0000009a   Code   RO         3789    i.tcp_create_segment  tcp_out.o
    0x08006b2a   0x00000020   Code   RO         6438    i.tcp_eff_send_mss  tcp.o
    0x08006b4a   0x000000a6   Code   RO         3790    i.tcp_enqueue_flags  tcp_out.o
    0x08006bf0   0x00000060   Code   RO         6440    i.tcp_fasttmr       tcp.o
    0x08006c50   0x00000002   Code   RO         6441    i.tcp_init          tcp.o
    0x08006c52   0x00000002   PAD
    0x08006c54   0x00000310   Code   RO         4483    i.tcp_input         tcp_in.o
    0x08006f64   0x0000003c   Code   RO         3791    i.tcp_keepalive     tcp_out.o
    0x08006fa0   0x000000e4   Code   RO         4484    i.tcp_listen_input  tcp_in.o
    0x08007084   0x00000010   Code   RO         6445    i.tcp_next_iss      tcp.o
    0x08007094   0x00000078   Code   RO         4485    i.tcp_oos_insert_segment  tcp_in.o
    0x0800710c   0x0000018c   Code   RO         3792    i.tcp_output        tcp_out.o
    0x08007298   0x0000006a   Code   RO         3793    i.tcp_output_alloc_header  tcp_out.o
    0x08007302   0x00000002   PAD
    0x08007304   0x000000b0   Code   RO         3794    i.tcp_output_segment  tcp_out.o
    0x080073b4   0x00000080   Code   RO         4486    i.tcp_parseopt      tcp_in.o
    0x08007434   0x00000042   Code   RO         6446    i.tcp_pcb_purge     tcp.o
    0x08007476   0x00000002   PAD
    0x08007478   0x00000058   Code   RO         6447    i.tcp_pcb_remove    tcp.o
    0x080074d0   0x00000334   Code   RO         4487    i.tcp_process       tcp_in.o
    0x08007804   0x00000068   Code   RO         6449    i.tcp_process_refused_data  tcp.o
    0x0800786c   0x000006ec   Code   RO         4488    i.tcp_receive       tcp_in.o
    0x08007f58   0x00000024   Code   RO         6451    i.tcp_recv_null     tcp.o
    0x08007f7c   0x00000036   Code   RO         6452    i.tcp_recved        tcp.o
    0x08007fb2   0x00000052   Code   RO         3796    i.tcp_rexmit        tcp_out.o
    0x08008004   0x00000058   Code   RO         3797    i.tcp_rexmit_fast   tcp_out.o
    0x0800805c   0x0000002e   Code   RO         3798    i.tcp_rexmit_rto    tcp_out.o
    0x0800808a   0x00000076   Code   RO         3799    i.tcp_rst           tcp_out.o
    0x08008100   0x00000028   Code   RO         6453    i.tcp_seg_copy      tcp.o
    0x08008128   0x0000001c   Code   RO         6454    i.tcp_seg_free      tcp.o
    0x08008144   0x00000012   Code   RO         6455    i.tcp_segs_free     tcp.o
    0x08008156   0x00000048   Code   RO         3800    i.tcp_send_empty_ack  tcp_out.o
    0x0800819e   0x00000044   Code   RO         3801    i.tcp_send_fin      tcp_out.o
    0x080081e2   0x00000002   PAD
    0x080081e4   0x0000027c   Code   RO         6459    i.tcp_slowtmr       tcp.o
    0x08008460   0x00000034   Code   RO         5940    i.tcp_timer_needed  lwip_timers.o
    0x08008494   0x0000006c   Code   RO         4489    i.tcp_timewait_input  tcp_in.o
    0x08008500   0x00000020   Code   RO         6460    i.tcp_tmr           tcp.o
    0x08008520   0x00000034   Code   RO         6461    i.tcp_update_rcv_ann_wnd  tcp.o
    0x08008554   0x0000008a   Code   RO         3803    i.tcp_zero_window_probe  tcp_out.o
    0x080085de   0x00000002   PAD
    0x080085e0   0x0000005c   Code   RO         5219    i.tcpip_callback_with_block  tcpip.o
    0x0800863c   0x00000044   Code   RO         5222    i.tcpip_init        tcpip.o
    0x08008680   0x0000004c   Code   RO         5223    i.tcpip_input       tcpip.o
    0x080086cc   0x00000038   Code   RO         5941    i.tcpip_tcp_timer   lwip_timers.o
    0x08008704   0x00000080   Code   RO         5224    i.tcpip_thread      tcpip.o
    0x08008784   0x00000098   Code   RO         4715    i.udp_bind          udp.o
    0x0800881c   0x0000004c   Code   RO         4716    i.udp_connect       udp.o
    0x08008868   0x00000002   Code   RO         4718    i.udp_init          udp.o
    0x0800886a   0x00000002   PAD
    0x0800886c   0x00000178   Code   RO         4719    i.udp_input         udp.o
    0x080089e4   0x0000001a   Code   RO         4720    i.udp_new           udp.o
    0x080089fe   0x00000006   Code   RO         4721    i.udp_recv          udp.o
    0x08008a04   0x0000002c   Code   RO         4722    i.udp_remove        udp.o
    0x08008a30   0x000000b6   Code   RO         4725    i.udp_sendto_if     udp.o
    0x08008ae6   0x00000024   Code   RO         8418    i.uxListRemove      list.o
    0x08008b0a   0x00000016   Code   RO         8419    i.vListInitialise   list.o
    0x08008b20   0x00000006   Code   RO         8420    i.vListInitialiseItem  list.o
    0x08008b26   0x00000030   Code   RO         8421    i.vListInsert       list.o
    0x08008b56   0x00000018   Code   RO         8422    i.vListInsertEnd    list.o
    0x08008b6e   0x00000002   PAD
    0x08008b70   0x00000040   Code   RO         8299    i.vPortEnterCritical  port.o
    0x08008bb0   0x00000028   Code   RO         8300    i.vPortExitCritical  port.o
    0x08008bd8   0x0000005c   Code   RO         8363    i.vPortFree         heap_4.o
    0x08008c34   0x00000020   Code   RO         8301    i.vPortSetupTimerInterrupt  port.o
    0x08008c54   0x00000054   Code   RO         8302    i.vPortValidateInterruptPriority  port.o
    0x08008ca8   0x00000068   Code   RO         8024    i.vTaskDelay        tasks.o
    0x08008d10   0x0000000c   Code   RO         8027    i.vTaskMissedYield  tasks.o
    0x08008d1c   0x00000064   Code   RO         8029    i.vTaskPlaceOnEventList  tasks.o
    0x08008d80   0x00000084   Code   RO         8031    i.vTaskPriorityInherit  tasks.o
    0x08008e04   0x00000024   Code   RO         8035    i.vTaskSetTimeOutState  tasks.o
    0x08008e28   0x00000060   Code   RO         8036    i.vTaskStartScheduler  tasks.o
    0x08008e88   0x00000010   Code   RO         8038    i.vTaskSuspendAll   tasks.o
    0x08008e98   0x0000005c   Code   RO         8039    i.vTaskSwitchContext  tasks.o
    0x08008ef4   0x000000e0   Code   RO         8303    i.xPortStartScheduler  port.o
    0x08008fd4   0x0000002c   Code   RO         8304    i.xPortSysTickHandler  port.o
    0x08009000   0x00000048   Code   RO         7439    i.xQueueCreateCountingSemaphore  queue.o
    0x08009048   0x0000005a   Code   RO         7440    i.xQueueCreateMutex  queue.o
    0x080090a2   0x00000064   Code   RO         7441    i.xQueueGenericCreate  queue.o
    0x08009106   0x00000002   PAD
    0x08009108   0x0000016c   Code   RO         7442    i.xQueueGenericReceive  queue.o
    0x08009274   0x00000084   Code   RO         7443    i.xQueueGenericReset  queue.o
    0x080092f8   0x00000160   Code   RO         7444    i.xQueueGenericSend  queue.o
    0x08009458   0x0000009c   Code   RO         7446    i.xQueueGiveFromISR  queue.o
    0x080094f4   0x0000008e   Code   RO         7451    i.xQueueReceiveFromISR  queue.o
    0x08009582   0x00000002   PAD
    0x08009584   0x0000006c   Code   RO         8040    i.xTaskCheckForTimeOut  tasks.o
    0x080095f0   0x000001bc   Code   RO         8041    i.xTaskGenericCreate  tasks.o
    0x080097ac   0x0000001c   Code   RO         8044    i.xTaskGetSchedulerState  tasks.o
    0x080097c8   0x0000000c   Code   RO         8045    i.xTaskGetTickCount  tasks.o
    0x080097d4   0x000000cc   Code   RO         8047    i.xTaskIncrementTick  tasks.o
    0x080098a0   0x00000098   Code   RO         8050    i.xTaskPriorityDisinherit  tasks.o
    0x08009938   0x00000074   Code   RO         8051    i.xTaskRemoveFromEventList  tasks.o
    0x080099ac   0x000000c4   Code   RO         8053    i.xTaskResumeAll    tasks.o
    0x08009a70   0x00000014   Data   RO          759    .constdata          ethernetif.o
    0x08009a84   0x00000014   Data   RO          934    .constdata          freertos.o
    0x08009a98   0x00000008   Data   RO         3125    .constdata          stm32f4xx_hal_dma.o
    0x08009aa0   0x00000010   Data   RO         3398    .constdata          stm32f4xx_hal_rcc.o
    0x08009ab0   0x0000000c   Data   RO         5356    .constdata          etharp.o
    0x08009abc   0x00000004   Data   RO         6224    .constdata          ip_addr.o
    0x08009ac0   0x00000004   Data   RO         6225    .constdata          ip_addr.o
    0x08009ac4   0x00000038   Data   RO         6287    .constdata          memp.o
    0x08009afc   0x00000054   Data   RO         6462    .constdata          tcp.o
    0x08009b50   0x00000014   Data   RO         6915    .constdata          sd_diskio.o
    0x08009b64   0x00000006   Data   RO          760    .conststring        ethernetif.o
    0x08009b6a   0x00000002   PAD
    0x08009b6c   0x0000000c   Data   RO          935    .conststring        freertos.o
    0x08009b78   0x00000075   Data   RO         6463    .conststring        tcp.o
    0x08009bed   0x00000003   PAD
    0x08009bf0   0x00000020   Data   RO         8483    Region$$Table       anon$$obj.o


    Execution Region RW_IRAM1 (Base: 0x20000000, Size: 0x0000ae88, Max: 0x00020000, ABSOLUTE, COMPRESSED[0x00000020])

    Base Addr    Size         Type   Attr      Idx    E Section Name        Object

    0x20000000   0x00000008   Data   RW          514    .data               fsmc.o
    0x20000008   0x00000005   Data   RW          710    .data               fatfs.o
    0x2000000d   0x00000003   PAD
    0x20000010   0x00000004   Data   RW          761    .data               ethernetif.o
    0x20000014   0x0000000c   Data   RW          857    .data               lwip.o
    0x20000020   0x00000008   Data   RW          936    .data               freertos.o
    0x20000028   0x00000004   Data   RW         3218    .data               stm32f4xx_hal.o
    0x2000002c   0x00000004   Data   RW         3730    .data               system_stm32f4xx.o
    0x20000030   0x00000008   Data   RW         4215    .data               ip_frag.o
    0x20000038   0x0000001c   Data   RW         4491    .data               tcp_in.o
    0x20000054   0x00000002   Data   RW         4574    .data               sys_arch.o
    0x20000056   0x00000002   PAD
    0x20000058   0x00000008   Data   RW         4726    .data               udp.o
    0x20000060   0x00000014   Data   RW         5150    .data               ip.o
    0x20000074   0x0000000c   Data   RW         5228    .data               tcpip.o
    0x20000080   0x00000001   Data   RW         5357    .data               etharp.o
    0x20000081   0x00000003   PAD
    0x20000084   0x0000000c   Data   RW         5499    .data               netif.o
    0x20000090   0x00000004   Data   RW         5632    .data               raw.o
    0x20000094   0x00000008   Data   RW         5942    .data               lwip_timers.o
    0x2000009c   0x00000001   Data   RW         6072    .data               pbuf.o
    0x2000009d   0x00000003   PAD
    0x200000a0   0x00000010   Data   RW         6377    .data               mem.o
    0x200000b0   0x00000024   Data   RW         6464    .data               tcp.o
    0x200000d4   0x00000004   Data   RW         6707    .data               dhcp.o
    0x200000d8   0x00000001   Data   RW         6916    .data               sd_diskio.o
    0x200000d9   0x00000003   PAD
    0x200000dc   0x00000038   Data   RW         8056    .data               tasks.o
    0x20000114   0x0000000c   Data   RW         8305    .data               port.o
    0x20000120   0x00000018   Data   RW         8368    .data               heap_4.o
    0x20000138   0x00000040   Zero   RW            7    .bss                usart.o
    0x20000178   0x00000058   Zero   RW          196    .bss                spi.o
    0x200001d0   0x00000048   Zero   RW          513    .bss                fsmc.o
    0x20000218   0x00000060   Zero   RW          560    .bss                sdio.o
    0x20000278   0x00000058   Zero   RW          561    .bss                sdio.o
    0x200002d0   0x0000003c   Zero   RW          603    .bss                i2c.o
    0x2000030c   0x00000098   Zero   RW          669    .bss                dcmi.o
    0x200003a4   0x000030e8   Zero   RW          758    .bss                ethernetif.o
    0x2000348c   0x00000034   Zero   RW          856    .bss                lwip.o
    0x200034c0   0x00000010   Zero   RW         4490    .bss                tcp_in.o
    0x200034d0   0x000000c8   Zero   RW         5355    .bss                etharp.o
    0x20003598   0x0000316b   Zero   RW         6286    .bss                memp.o
    0x20006703   0x00000654   Zero   RW         6376    .bss                mem.o
    0x20006d57   0x00000001   PAD
    0x20006d58   0x00000032   Zero   RW         6706    .bss                dhcp.o
    0x20006d8a   0x00000002   PAD
    0x20006d8c   0x0000000c   Zero   RW         6864    .bss                ff_gen_drv.o
    0x20006d98   0x000000f0   Zero   RW         8055    .bss                tasks.o
    0x20006e88   0x00003c00   Zero   RW         8367    .bss                heap_4.o
    0x2000aa88   0x00000400   Zero   RW         3761    STACK               startup_stm32f407xx.o


==============================================================================

Image component sizes


      Code (inc. data)   RO Data    RW Data    ZI Data      Debug   Object Name

       176         36          0          0          0       3746   bsp_driver_sd.o
       354         10          0          0          0      17883   cmsis_os.o
       264         42          0          0        152       1708   dcmi.o
        16          0          0          0          0       2668   def.o
      3292         78          0          4         50      22288   dhcp.o
        44          4          0          0          0        770   dma.o
      1642         62         12          1        200      14796   etharp.o
       932         74         26          4      12520      15045   ethernetif.o
        28         10          0          5          0        976   fatfs.o
        70          4          0          0         12       1659   ff_gen_drv.o
        68          8         32          8          0       1840   freertos.o
       204         28          0          8         72       2219   fsmc.o
       240         24          0          0          0       1059   gpio.o
       460         24          0         24      15360       7279   heap_4.o
       124         26          0          0         60       1569   i2c.o
       368         10          0          0          0       3714   icmp.o
       172          0          0          0          0       6773   inet_chksum.o
        38          0          0          0          0       2088   init.o
       664         22          0         20          0       7801   ip.o
        46          0          8          0          0       7362   ip_addr.o
      1314         30          0          8          0      10584   ip_frag.o
       136          0          0          0          0       3590   list.o
       104         18          0         12         52        830   lwip.o
       552         86          0          8          0       7599   lwip_timers.o
       198          8          0          0          0      37470   main.o
       644         34          0         16       1620       5405   mem.o
       144         20         56          0      12651       3466   memp.o
       300         20          0         12          0       8491   netif.o
      1062         20          0          1          0      11933   pbuf.o
       754         84          0         12          0       9385   port.o
      1656         16          0          0          0      22401   queue.o
       116         12          0          4          0       1680   raw.o
       204         18         20          1          0       4320   sd_diskio.o
       132         26          0          0        184       1624   sdio.o
         2          0          0          0          0        523   sockets.o
       152         26          0          0         88       1597   spi.o
        36          8        392          0       1024        932   startup_stm32f407xx.o
       120         10          0          4          0       3696   stm32f4xx_hal.o
       218         14          0          0          0      31093   stm32f4xx_hal_cortex.o
       236          0          0          0          0       3488   stm32f4xx_hal_dcmi.o
       172          4          0          0          0       1144   stm32f4xx_hal_dcmi_ex.o
       660         14          8          0          0       3756   stm32f4xx_hal_dma.o
      1976         68          0          0          0      12644   stm32f4xx_hal_eth.o
       458         50          0          0          0       2543   stm32f4xx_hal_gpio.o
       256         10          0          0          0       2163   stm32f4xx_hal_i2c.o
        22          0          0          0          0        506   stm32f4xx_hal_msp.o
      1600         70         16          0          0       6215   stm32f4xx_hal_rcc.o
      3788         20          0          0          0      21451   stm32f4xx_hal_sd.o
       132          0          0          0          0       1187   stm32f4xx_hal_spi.o
        86          0          0          0          0       1228   stm32f4xx_hal_sram.o
       470         10          0          0          0       2104   stm32f4xx_hal_uart.o
        40         18          0          0          0       5519   stm32f4xx_it.o
       216         12          0          0          0       2731   stm32f4xx_ll_fsmc.o
       158          4          0          0          0       6149   stm32f4xx_ll_sdmmc.o
       352          8          0          2          0       8473   sys_arch.o
         0          0          0          0          0       1456   syscall.o
        84         18          0          4          0       1365   system_stm32f4xx.o
      2080        176          0         56        240      21440   tasks.o
      2014         64        201         36          0      25668   tcp.o
      3960        132          0         28         16      18259   tcp_in.o
      1670         10          0          0          0      21880   tcp_out.o
       364         46          0         12          0       9155   tcpip.o
       864         26          0          8          0      16773   udp.o
       116         20          0          0         64     431642   usart.o

    ----------------------------------------------------------------------
     38896       1692        808        312      44368     918801   Object Totals
         0          0         32          0          0          0   (incl. Generated)
        76          0          5         14          3          0   (incl. Padding)

    ----------------------------------------------------------------------

      Code (inc. data)   RO Data    RW Data    ZI Data      Debug   Library Member Name

        58          0          0          0          0          0   __dczerorl.o
         0          0          0          0          0          0   entry.o
         0          0          0          0          0          0   entry10a.o
         0          0          0          0          0          0   entry11a.o
         8          4          0          0          0          0   entry2.o
         4          0          0          0          0          0   entry5.o
         0          0          0          0          0          0   entry7b.o
         0          0          0          0          0          0   entry8b.o
         8          4          0          0          0          0   entry9a.o
        30          0          0          0          0          0   handlers.o
        36          8          0          0          0         68   init.o
        26          0          0          0          0         80   memcmp.o
        36          0          0          0          0         68   memcpya.o
        36          0          0          0          0        108   memseta.o

    ----------------------------------------------------------------------
       248         16          0          0          0        324   Library Totals
         6          0          0          0          0          0   (incl. Padding)

    ----------------------------------------------------------------------

      Code (inc. data)   RO Data    RW Data    ZI Data      Debug   Library Name

       242         16          0          0          0        324   mc_w.l

    ----------------------------------------------------------------------
       248         16          0          0          0        324   Library Totals

    ----------------------------------------------------------------------

==============================================================================


      Code (inc. data)   RO Data    RW Data    ZI Data      Debug   

     39144       1708        808        312      44368     885005   Grand Totals
     39144       1708        808         32      44368     885005   ELF Image Totals (compressed)
     39144       1708        808         32          0          0   ROM Totals

==============================================================================

    Total RO  Size (Code + RO Data)                39952 (  39.02kB)
    Total RW  Size (RW Data + ZI Data)             44680 (  43.63kB)
    Total ROM Size (Code + RO Data + RW Data)      39984 (  39.05kB)

==============================================================================

